Archive member included because of file (symbol)

../../../../../..//bin/armv7a/gcc/am335x/drivers/Release/libdrivers.a(dmtimer.o)
                              Release/bbmc-0.5.o (dmtimer_open)
../../../../../..//bin/armv7a/gcc/am335x/drivers/Release/libdrivers.a(ehrpwm.o)
                              Release/bbmc-0.5.o (ehrpwm_open)
../../../../../..//bin/armv7a/gcc/am335x/drivers/Release/libdrivers.a(eqep.o)
                              Release/bbmc-0.5.o (eqep_open)
../../../../../..//bin/armv7a/gcc/am335x/drivers/Release/libdrivers.a(gpio_v2.o)
                              Release/bbmc-0.5.o (GPIOPinWrite)
../../../../../..//bin/armv7a/gcc/am335x/drivers/Release/libdrivers.a(pwmss.o)
                              Release/bbmc-0.5.o (L3L4_driver_init)
../../../../../..//bin/armv7a/gcc/utils/Release/libutils.a(cmdline.o)
                              Release/bbmc-0.5.o (CmdLineProcess)
../../../../../..//bin/armv7a/gcc/utils/Release/libutils.a(perf.o)
                              Release/bbmc-0.5.o (PerfTimerSetup)
../../../../../..//bin/armv7a/gcc/utils/Release/libutils.a(uartStdio.o)
                              Release/bbmc-0.5.o (UARTStdioInit)
../../../../../..//bin/armv7a/gcc/am335x/beaglebone/platform/Release/libplatform.a(bb_dmtimer.o)
                              ../../../../../..//bin/armv7a/gcc/am335x/drivers/Release/libdrivers.a(dmtimer.o) (DMTimer2ModuleClkConfig)
../../../../../..//bin/armv7a/gcc/am335x/beaglebone/platform/Release/libplatform.a(bb_gpio.o)
                              Release/bbmc-0.5.o (GPIO1ModuleClkConfig)
../../../../../..//bin/armv7a/gcc/am335x/beaglebone/platform/Release/libplatform.a(bb_pwmss.o)
                              Release/bbmc-0.5.o (eqep_1_pinmux_setup)
../../../../../..//bin/armv7a/gcc/am335x/beaglebone/platform/Release/libplatform.a(bb_sysperf.o)
                              ../../../../../..//bin/armv7a/gcc/utils/Release/libutils.a(perf.o) (SysPerfTimerSetup)
../../../../../..//bin/armv7a/gcc/am335x/beaglebone/platform/Release/libplatform.a(bb_uartConsole.o)
                              ../../../../../..//bin/armv7a/gcc/utils/Release/libutils.a(uartStdio.o) (UARTConsoleInit)
../../../../../..//bin/armv7a/gcc/am335x/beaglebone/platform/Release/libplatform.a(bb_uart.o)
                              ../../../../../..//bin/armv7a/gcc/am335x/beaglebone/platform/Release/libplatform.a(bb_uartConsole.o) (UARTPinMuxSetup)
../../../../../..//bin/armv7a/gcc/am335x/system_config/Release/libsystem_config.a(cache.o)
                              Release/bbmc-0.5.o (CacheEnable)
../../../../../..//bin/armv7a/gcc/am335x/system_config/Release/libsystem_config.a(cp15.o)
                              ../../../../../..//bin/armv7a/gcc/am335x/system_config/Release/libsystem_config.a(cache.o) (CP15ICacheDisable)
../../../../../..//bin/armv7a/gcc/am335x/system_config/Release/libsystem_config.a(init.o)
                              (Entry)
../../../../../..//bin/armv7a/gcc/am335x/system_config/Release/libsystem_config.a(interrupt.o)
                              Release/bbmc-0.5.o (IntRegister)
../../../../../..//bin/armv7a/gcc/am335x/system_config/Release/libsystem_config.a(startup.o)
                              ../../../../../..//bin/armv7a/gcc/am335x/system_config/Release/libsystem_config.a(init.o) (start_boot)
../../../../../..//bin/armv7a/gcc/am335x/system_config/Release/libsystem_config.a(cpu.o)
                              ../../../../../..//bin/armv7a/gcc/am335x/system_config/Release/libsystem_config.a(interrupt.o) (CPUIntStatus)
../../../../../..//bin/armv7a/gcc/am335x/system_config/Release/libsystem_config.a(exceptionhandler.o)
                              ../../../../../..//bin/armv7a/gcc/am335x/system_config/Release/libsystem_config.a(startup.o) (IRQHandler)
/home/vassilis/Projects/compilers/cs_q1_2009_161/arm-none-eabi/lib//libc.a(lib_a-atoi.o)
                              Release/bbmc-0.5.o (atoi)
/home/vassilis/Projects/compilers/cs_q1_2009_161/arm-none-eabi/lib//libc.a(lib_a-ctype_.o)
                              Release/bbmc-0.5.o (__ctype_ptr__)
/home/vassilis/Projects/compilers/cs_q1_2009_161/arm-none-eabi/lib//libc.a(lib_a-errno.o)
                              Release/bbmc-0.5.o (__errno)
/home/vassilis/Projects/compilers/cs_q1_2009_161/arm-none-eabi/lib//libc.a(lib_a-impure.o)
                              /home/vassilis/Projects/compilers/cs_q1_2009_161/arm-none-eabi/lib//libc.a(lib_a-errno.o) (_impure_ptr)
/home/vassilis/Projects/compilers/cs_q1_2009_161/arm-none-eabi/lib//libc.a(lib_a-strcmp.o)
                              Release/bbmc-0.5.o (strcmp)
/home/vassilis/Projects/compilers/cs_q1_2009_161/arm-none-eabi/lib//libc.a(lib_a-strtol.o)
                              /home/vassilis/Projects/compilers/cs_q1_2009_161/arm-none-eabi/lib//libc.a(lib_a-atoi.o) (_strtol_r)
/home/vassilis/Projects/compilers/cs_q1_2009_161/arm-none-eabi/lib//libm.a(lib_a-s_cos.o)
                              Release/bbmc-0.5.o (cos)
[...]
Memory Configuration

Name             Origin             Length             Attributes
*default*        0x00000000         0xffffffff

Linker script and memory map

LOAD Release/bbmc-0.5.o
                0x80000000                . = 0x80000000
                0x80000000                . = ALIGN (0x4)

.startcode      0x80000000       0xb0
 *init.o(.text)
 .text          0x80000000       0xb0 ../../../../../..//bin/armv7a/gcc/am335x/system_config/Release/libsystem_config.a(init.o)
                0x80000000                Entry
                0x800000b0                . = ALIGN (0x4)

.text           0x800000b0     0x3b90
 *(.text)
 .text          0x800000b0      0x47c ../../../../../..//bin/armv7a/gcc/am335x/system_config/Release/libsystem_config.a(cp15.o)
                0x800000b0                CP15ICacheDisable
                0x800000c0                CP15DCacheDisable
                0x800000dc                CP15ICacheEnable
                0x800000ec                CP15DCacheEnable
                0x800000fc                CP15DCacheFlush
                0x80000190                CP15DCacheClean
                0x80000224                CP15DCacheCleanFlush
                0x800002b8                CP15ICacheFlush
                0x800002c8                CP15DCacheCleanBuff
                0x8000031c                CP15DCacheCleanFlushBuff
                0x80000370                CP15DCacheFlushBuff
                0x800003d4                CP15ICacheFlushBuff
                0x80000428                CP15Ttb0Set
                0x80000434                CP15TlbInvalidate
                0x80000440                CP15MMUDisable
                0x80000458                CP15MMUEnable
                0x8000046c                CP15VectorBaseAddrSet
                0x80000478                CP15BranchPredictorInvalidate
                0x80000484                CP15BranchPredictionEnable
                0x80000494                CP15BranchPredictionDisable
                0x800004a4                CP15DomainAccessClientSet
                0x800004b4                CP15ControlFeatureDisable
                0x800004c8                CP15ControlFeatureEnable
                0x800004dc                CP15TtbCtlTtb0Config
                0x800004ec                CP15AuxControlFeatureEnable
                0x80000500                CP15AuxControlFeatureDisable
                0x80000514                CP15MainIdPrimPartNumGet
 .text          0x8000052c       0xe0 ../../../../../..//bin/armv7a/gcc/am335x/system_config/Release/libsystem_config.a(exceptionhandler.o)
                0x8000052c                SVCHandler
                0x80000554                IRQHandler
                0x800005f0                FIQHandler
                0x800005f4                UndefInstHandler
                0x800005f4                AbortHandler
 .text          0x8000060c       0x30 /home/vassilis/Projects/compilers/cs_q1_2009_161/arm-none-eabi/lib//libc.a(lib_a-atoi.o)
                0x8000060c                _atoi_r
                0x80000624                atoi
 .text          0x8000063c       0x10 /home/vassilis/Projects/compilers/cs_q1_2009_161/arm-none-eabi/lib//libc.a(lib_a-errno.o)
                0x8000063c                __errno
 .text          0x8000064c      0x234 /home/vassilis/Projects/compilers/cs_q1_2009_161/arm-none-eabi/lib//libc.a(lib_a-strcmp.o)
                0x8000064c                strcmp
 .text          0x80000880      0x1f0 /home/vassilis/Projects/compilers/cs_q1_2009_161/arm-none-eabi/lib//libc.a(lib_a-strtol.o)
                0x80000880                _strtol_r
                0x80000a44                strtol
 .text          0x80000a70       0xfc /home/vassilis/Projects/compilers/cs_q1_2009_161/arm-none-eabi/lib//libm.a(lib_a-s_cos.o)
                0x80000a70                cos
 .text          0x80000b6c      0x108 /home/vassilis/Projects/compilers/cs_q1_2009_161/arm-none-eabi/lib//libm.a(lib_a-s_sin.o)
                0x80000b6c                sin
 .text          0x80000c74       0x10 /home/vassilis/Projects/compilers/cs_q1_2009_161/arm-none-eabi/lib//libm.a(lib_a-w_atan2.o)
                0x80000c74                atan2
 *fill*         0x80000c84        0x4 00
 .text          0x80000c88      0x2e0 /home/vassilis/Projects/compilers/cs_q1_2009_161/arm-none-eabi/lib//libm.a(lib_a-e_atan2.o)
                0x80000c88                __ieee754_atan2
 .text          0x80000f68      0x650 /home/vassilis/Projects/compilers/cs_q1_2009_161/arm-none-eabi/lib//libm.a(lib_a-e_rem_pio2.o)
                0x80000f68                __ieee754_rem_pio2
 .text          0x800015b8      0x360 /home/vassilis/Projects/compilers/cs_q1_2009_161/arm-none-eabi/lib//libm.a(lib_a-k_cos.o)
                0x800015b8                __kernel_cos
 .text          0x80001918      0xbe8 /home/vassilis/Projects/compilers/cs_q1_2009_161/arm-none-eabi/lib//libm.a(lib_a-k_rem_pio2.o)
                0x80001918                __kernel_rem_pio2
 .text          0x80002500      0x210 /home/vassilis/Projects/compilers/cs_q1_2009_161/arm-none-eabi/lib//libm.a(lib_a-k_sin.o)
                0x80002500                __kernel_sin
 .text          0x80002710      0x4c8 /home/vassilis/Projects/compilers/cs_q1_2009_161/arm-none-eabi/lib//libm.a(lib_a-s_atan.o)
                0x80002710                atan
 .text          0x80002bd8       0x1c /home/vassilis/Projects/compilers/cs_q1_2009_161/arm-none-eabi/lib//libm.a(lib_a-s_fabs.o)
                0x80002bd8                fabs
 *fill*         0x80002bf4        0x4 00
 .text          0x80002bf8      0x1c0 /home/vassilis/Projects/compilers/cs_q1_2009_161/arm-none-eabi/lib//libm.a(lib_a-s_floor.o)
                0x80002bf8                floor
 .text          0x80002db8      0x1a8 /home/vassilis/Projects/compilers/cs_q1_2009_161/arm-none-eabi/lib//libm.a(lib_a-s_scalbn.o)
                0x80002db8                scalbn
 .text          0x80002f60       0x28 /home/vassilis/Projects/compilers/cs_q1_2009_161/arm-none-eabi/lib//libm.a(lib_a-s_copysign.o)
                0x80002f60                copysign
 .text          0x80002f88      0x114 /home/vassilis/Projects/compilers/cs_q1_2009_161/lib/gcc/arm-none-eabi/4.3.3//libgcc.a(_udivsi3.o)
                0x80002f88                __udivsi3
                0x80002f88                __aeabi_uidiv
                0x8000307c                __aeabi_uidivmod
 .text          0x8000309c      0x148 /home/vassilis/Projects/compilers/cs_q1_2009_161/lib/gcc/arm-none-eabi/4.3.3//libgcc.a(_divsi3.o)
                0x8000309c                __aeabi_idiv
                0x8000309c                __divsi3
                0x800031c4                __aeabi_idivmod
 .text          0x800031e4        0x4 /home/vassilis/Projects/compilers/cs_q1_2009_161/lib/gcc/arm-none-eabi/4.3.3//libgcc.a(_dvmd_tls.o)
                0x800031e4                __aeabi_ldiv0
                0x800031e4                __aeabi_idiv0
 .text          0x800031e8      0x41c /home/vassilis/Projects/compilers/cs_q1_2009_161/lib/gcc/arm-none-eabi/4.3.3//libgcc.a(_arm_addsubdf3.o)
                0x800031e8                __aeabi_drsub
                0x800031f0                __aeabi_dsub
                0x800031f0                __subdf3
                0x800031f4                __adddf3
                0x800031f4                __aeabi_dadd
                0x80003504                __aeabi_ui2d
                0x80003504                __floatunsidf
                0x80003528                __floatsidf
                0x80003528                __aeabi_i2d
                0x80003550                __extendsfdf2
                0x80003550                __aeabi_f2d
                0x80003590                __aeabi_ul2d
                0x80003590                __floatundidf
                0x800035a4                __floatdidf
                0x800035a4                __aeabi_l2d
 .text          0x80003604      0x49c /home/vassilis/Projects/compilers/cs_q1_2009_161/lib/gcc/arm-none-eabi/4.3.3//libgcc.a(_arm_muldivdf3.o)
                0x80003604                __aeabi_dmul
                0x80003604                __muldf3
                0x80003894                __aeabi_ddiv
                0x80003894                __divdf3
 .text          0x80003aa0      0x144 /home/vassilis/Projects/compilers/cs_q1_2009_161/lib/gcc/arm-none-eabi/4.3.3//libgcc.a(_arm_cmpdf2.o)
                0x80003aa0                __gtdf2
                0x80003aa0                __gedf2
                0x80003aa8                __ltdf2
                0x80003aa8                __ledf2
                0x80003ab0                __cmpdf2
                0x80003ab0                __eqdf2
                0x80003ab0                __nedf2
                0x80003b38                __aeabi_cdrcmple
                0x80003b54                __aeabi_cdcmple
                0x80003b54                __aeabi_cdcmpeq
                0x80003b6c                __aeabi_dcmpeq
                0x80003b84                __aeabi_dcmplt
                0x80003b9c                __aeabi_dcmple
                0x80003bb4                __aeabi_dcmpge
                0x80003bcc                __aeabi_dcmpgt
 .text          0x80003be4       0x5c /home/vassilis/Projects/compilers/cs_q1_2009_161/lib/gcc/arm-none-eabi/4.3.3//libgcc.a(_arm_fixdfsi.o)
                0x80003be4                __fixdfsi
                0x80003be4                __aeabi_d2iz

.glue_7         0x80003c40        0x0
 .glue_7        0x00000000        0x0 linker stubs

.glue_7t        0x80003c40        0x0
 .glue_7t       0x00000000        0x0 linker stubs

.vfp11_veneer   0x80003c40        0x0
 .vfp11_veneer  0x00000000        0x0 linker stubs

.v4_bx          0x80003c40        0x0
 .v4_bx         0x00000000        0x0 linker stubs

.text.traject_null
                0x80003c40        0x4
 .text.traject_null
                0x80003c40        0x4 Release/bbmc-0.5.o

.text.traject_rmpi_si
                0x80003c44       0x40
 .text.traject_rmpi_si
                0x80003c44       0x40 Release/bbmc-0.5.o

.text.traject_rmpi_pid_tune
                0x80003c84        0x4
 .text.traject_rmpi_pid_tune
                0x80003c84        0x4 Release/bbmc-0.5.o

.text.contrl_rmpi_si
                0x80003c88       0x14
 .text.contrl_rmpi_si
                0x80003c88       0x14 Release/bbmc-0.5.o

.text.contrl_reset_poscalib
                0x80003c9c       0x1c
 .text.contrl_reset_poscalib
                0x80003c9c       0x1c Release/bbmc-0.5.o

.text.term_reset_poscalib
                0x80003cb8        0x4
 .text.term_reset_poscalib
                0x80003cb8        0x4 Release/bbmc-0.5.o

.text.term_test_dsr
                0x80003cbc        0x4
 .text.term_test_dsr
                0x80003cbc        0x4 Release/bbmc-0.5.o

.text.run_contrl
                0x80003cc0       0x5c
 .text.run_contrl
                0x80003cc0       0x5c Release/bbmc-0.5.o

.text.cmnd_quit
                0x80003d1c       0x18
 .text.cmnd_quit
                0x80003d1c       0x18 Release/bbmc-0.5.o
                0x80003d1c                cmnd_quit

.text.cmnd_path
                0x80003d34       0x34
 .text.cmnd_path
                0x80003d34       0x34 Release/bbmc-0.5.o
                0x80003d34                cmnd_path

.text.cmnd_config
                0x80003d68      0x118
 .text.cmnd_config
                0x80003d68      0x118 Release/bbmc-0.5.o
                0x80003d68                cmnd_config

.text.util_checkpoint_yn
                0x80003e80       0xb4
 .text.util_checkpoint_yn
                0x80003e80       0xb4 Release/bbmc-0.5.o

.text.contrl_test_dsr
                0x80003f34       0x9c
 .text.contrl_test_dsr
                0x80003f34       0x9c Release/bbmc-0.5.o

.text.isr_systick
                0x80003fd0       0x70
 .text.isr_systick
                0x80003fd0       0x70 Release/bbmc-0.5.o
                0x80003fd0                isr_systick

.text.output_pwm_dif
                0x80004040       0x24
 .text.output_pwm_dif
                0x80004040       0x24 Release/bbmc-0.5.o
                0x80004040                output_pwm_dif

.text.input_qei_std
                0x80004064       0x30
 .text.input_qei_std
                0x80004064       0x30 Release/bbmc-0.5.o
                0x80004064                input_qei_std

.text.input_qei_cap
                0x80004094       0x30
 .text.input_qei_cap
                0x80004094       0x30 Release/bbmc-0.5.o
                0x80004094                input_qei_cap

.text.contrl_rmpi_breakaway
                0x800040c4       0x48
 .text.contrl_rmpi_breakaway
                0x800040c4       0x48 Release/bbmc-0.5.o

.text.term_rmpi_breakaway
                0x8000410c       0x4c
 .text.term_rmpi_breakaway
                0x8000410c       0x4c Release/bbmc-0.5.o

.text.term_rmpi_si
                0x80004158       0x64
 .text.term_rmpi_si
                0x80004158       0x64 Release/bbmc-0.5.o

.text.run_term  0x800041bc       0x5c
 .text.run_term
                0x800041bc       0x5c Release/bbmc-0.5.o

.text.cmnd_debug
                0x80004218       0xb8
 .text.cmnd_debug
                0x80004218       0xb8 Release/bbmc-0.5.o
                0x80004218                cmnd_debug

.text.input_qei_dual
                0x800042d0       0x84
 .text.input_qei_dual
                0x800042d0       0x84 Release/bbmc-0.5.o
                0x800042d0                input_qei_dual

.text.util_strtod.constprop.19
                0x80004358      0x2f0
 .text.util_strtod.constprop.19
                0x80004358      0x2f0 Release/bbmc-0.5.o

.text.isr_rmpi  0x80004648      0x280
 .text.isr_rmpi
                0x80004648      0x280 Release/bbmc-0.5.o
                0x80004648                isr_rmpi

.text.isr_goto  0x800048c8      0x3f4
 .text.isr_goto
                0x800048c8      0x3f4 Release/bbmc-0.5.o
                0x800048c8                isr_goto

.text.isr_run   0x80004cc0      0x6c8
 .text.isr_run  0x80004cc0      0x6c8 Release/bbmc-0.5.o
                0x80004cc0                isr_run

.text.system_halt
                0x80005388       0x20
 .text.system_halt
                0x80005388       0x20 Release/bbmc-0.5.o
                0x80005388                system_halt

.text.devconfig_mpucache_setup
                0x800053a8       0xa4
 .text.devconfig_mpucache_setup
                0x800053a8       0xa4 Release/bbmc-0.5.o
                0x800053a8                devconfig_mpucache_setup

.text.devconfig_interrupts_setup
                0x8000544c      0x120
 .text.devconfig_interrupts_setup
                0x8000544c      0x120 Release/bbmc-0.5.o
                0x8000544c                devconfig_interrupts_setup

.text.devconfig_gpio_setup
                0x8000556c       0x6c
 .text.devconfig_gpio_setup
                0x8000556c       0x6c Release/bbmc-0.5.o
                0x8000556c                devconfig_gpio_setup

.text.devconfig_timer_setup
                0x800055d8       0x9c
 .text.devconfig_timer_setup
                0x800055d8       0x9c Release/bbmc-0.5.o
                0x800055d8                devconfig_timer_setup

.text.devconfig_peripheral_setup
                0x80005674       0x24
 .text.devconfig_peripheral_setup
                0x80005674       0x24 Release/bbmc-0.5.o
                0x80005674                devconfig_peripheral_setup

.text.devconfig_pwm_setup
                0x80005698       0x7c
 .text.devconfig_pwm_setup
                0x80005698       0x7c Release/bbmc-0.5.o
                0x80005698                devconfig_pwm_setup

.text.devconfig_qei_setup
                0x80005714       0x9c
 .text.devconfig_qei_setup
                0x80005714       0x9c Release/bbmc-0.5.o
                0x80005714                devconfig_qei_setup

.text.devconfig_setup
                0x800057b0      0x180
 .text.devconfig_setup
                0x800057b0      0x180 Release/bbmc-0.5.o
                0x800057b0                devconfig_setup

.text.devconfig_gpio_poslim_get
                0x80005930       0x58
 .text.devconfig_gpio_poslim_get
                0x80005930       0x58 Release/bbmc-0.5.o
                0x80005930                devconfig_gpio_poslim_get

.text.devconfig_qei_data_init
                0x80005988       0x14
 .text.devconfig_qei_data_init
                0x80005988       0x14 Release/bbmc-0.5.o
                0x80005988                devconfig_qei_data_init

.text.devconfig_position_set
                0x8000599c       0x14
 .text.devconfig_position_set
                0x8000599c       0x14 Release/bbmc-0.5.o
                0x8000599c                devconfig_position_set

.text.devconfig_timer_frequency_get
                0x800059b0       0x38
 .text.devconfig_timer_frequency_get
                0x800059b0       0x38 Release/bbmc-0.5.o
                0x800059b0                devconfig_timer_frequency_get

.text.devconfig_poslim_disable
                0x800059e8       0xfc
 .text.devconfig_poslim_disable
                0x800059e8       0xfc Release/bbmc-0.5.o
                0x800059e8                devconfig_poslim_disable

.text.devconfig_poslim_enable
                0x80005ae4       0xfc
 .text.devconfig_poslim_enable
                0x80005ae4       0xfc Release/bbmc-0.5.o
                0x80005ae4                devconfig_poslim_enable

.text.devconfig_killswitch_enable
                0x80005be0       0x44
 .text.devconfig_killswitch_enable
                0x80005be0       0x44 Release/bbmc-0.5.o
                0x80005be0                devconfig_killswitch_enable

.text.devconfig_killswitch_disable
                0x80005c24       0x44
 .text.devconfig_killswitch_disable
                0x80005c24       0x44 Release/bbmc-0.5.o
                0x80005c24                devconfig_killswitch_disable

.text.devconfig_timer_run_enable
                0x80005c68       0x44
 .text.devconfig_timer_run_enable
                0x80005c68       0x44 Release/bbmc-0.5.o
                0x80005c68                devconfig_timer_run_enable

.text.devconfig_timer_run_disable
                0x80005cac       0x58
 .text.devconfig_timer_run_disable
                0x80005cac       0x58 Release/bbmc-0.5.o
                0x80005cac                devconfig_timer_run_disable

.text.devconfig_timer_goto_enable
                0x80005d04       0x44
 .text.devconfig_timer_goto_enable
                0x80005d04       0x44 Release/bbmc-0.5.o
                0x80005d04                devconfig_timer_goto_enable

.text.devconfig_timer_goto_disable
                0x80005d48       0x58
 .text.devconfig_timer_goto_disable
                0x80005d48       0x58 Release/bbmc-0.5.o
                0x80005d48                devconfig_timer_goto_disable

.text.devconfig_timer_rmpi_enable
                0x80005da0       0x44
 .text.devconfig_timer_rmpi_enable
                0x80005da0       0x44 Release/bbmc-0.5.o
                0x80005da0                devconfig_timer_rmpi_enable

.text.devconfig_timer_rmpi_disable
                0x80005de4       0x58
 .text.devconfig_timer_rmpi_disable
                0x80005de4       0x58 Release/bbmc-0.5.o
                0x80005de4                devconfig_timer_rmpi_disable

.text.devconfig_gpio_killswitch_get
                0x80005e3c       0x24
 .text.devconfig_gpio_killswitch_get
                0x80005e3c       0x24 Release/bbmc-0.5.o
                0x80005e3c                devconfig_gpio_killswitch_get

.text.output_gpio_dir
                0x80005e60       0x4c
 .text.output_gpio_dir
                0x80005e60       0x4c Release/bbmc-0.5.o
                0x80005e60                output_gpio_dir

.text.output_pwm_dir
                0x80005eb0       0x98
 .text.output_pwm_dir
                0x80005eb0       0x98 Release/bbmc-0.5.o
                0x80005eb0                output_pwm_dir

.text.sysconfig_io_func_setup
                0x80005f48       0x70
 .text.sysconfig_io_func_setup
                0x80005f48       0x70 Release/bbmc-0.5.o
                0x80005f48                sysconfig_io_func_setup

.text.sysconfig_qei_capture
                0x80005fb8       0x60
 .text.sysconfig_qei_capture
                0x80005fb8       0x60 Release/bbmc-0.5.o
                0x80005fb8                sysconfig_qei_capture

.text.sysconfig_dof_setup
                0x80006018      0x110
 .text.sysconfig_dof_setup
                0x80006018      0x110 Release/bbmc-0.5.o
                0x80006018                sysconfig_dof_setup

.text.sysconfig_position_reset
                0x80006128       0xb0
 .text.sysconfig_position_reset
                0x80006128       0xb0 Release/bbmc-0.5.o
                0x80006128                sysconfig_position_reset

.text.sysconfig_position_set
                0x800061d8       0x30
 .text.sysconfig_position_set
                0x800061d8       0x30 Release/bbmc-0.5.o
                0x800061d8                sysconfig_position_set

.text.sysconfig_pwm_frequency_get
                0x80006208       0x14
 .text.sysconfig_pwm_frequency_get
                0x80006208       0x14 Release/bbmc-0.5.o
                0x80006208                sysconfig_pwm_frequency_get

.text.sysconfig_pwm_enable
                0x8000621c       0x14
 .text.sysconfig_pwm_enable
                0x8000621c       0x14 Release/bbmc-0.5.o
                0x8000621c                sysconfig_pwm_enable

.text.sysconfig_pwm_disable
                0x80006230       0x14
 .text.sysconfig_pwm_disable
                0x80006230       0x14 Release/bbmc-0.5.o
                0x80006230                sysconfig_pwm_disable

.text.isr_gpio_killswitch
                0x80006248      0x288
 .text.isr_gpio_killswitch
                0x80006248      0x288 Release/bbmc-0.5.o
                0x80006248                isr_gpio_killswitch

.text.isr_gpio_pos_limit
                0x800064d0      0x418
 .text.isr_gpio_pos_limit
                0x800064d0      0x418 Release/bbmc-0.5.o
                0x800064d0                isr_gpio_pos_limit

.text.sysconfig_timer_frequency_get
                0x800068e8       0x14
 .text.sysconfig_timer_frequency_get
                0x800068e8       0x14 Release/bbmc-0.5.o
                0x800068e8                sysconfig_timer_frequency_get

.text.sysconfig_qei_data_init
                0x800068fc       0x50
 .text.sysconfig_qei_data_init
                0x800068fc       0x50 Release/bbmc-0.5.o
                0x800068fc                sysconfig_qei_data_init

.text.sysconfig_poslim_enable
                0x8000694c       0x14
 .text.sysconfig_poslim_enable
                0x8000694c       0x14 Release/bbmc-0.5.o
                0x8000694c                sysconfig_poslim_enable

.text.sysconfig_killswitch_enable
                0x80006960       0x14
 .text.sysconfig_killswitch_enable
                0x80006960       0x14 Release/bbmc-0.5.o
                0x80006960                sysconfig_killswitch_enable

.text.sysconfig_poslim_disable
                0x80006974       0x14
 .text.sysconfig_poslim_disable
                0x80006974       0x14 Release/bbmc-0.5.o
                0x80006974                sysconfig_poslim_disable

.text.sysconfig_killswitch_disable
                0x80006988       0x14
 .text.sysconfig_killswitch_disable
                0x80006988       0x14 Release/bbmc-0.5.o
                0x80006988                sysconfig_killswitch_disable

.text.sysconfig_gpio_killswitch_get
                0x8000699c       0x20
 .text.sysconfig_gpio_killswitch_get
                0x8000699c       0x20 Release/bbmc-0.5.o
                0x8000699c                sysconfig_gpio_killswitch_get

.text.sysconfig_gpio_poslim_get
                0x800069bc       0x20
 .text.sysconfig_gpio_poslim_get
                0x800069bc       0x20 Release/bbmc-0.5.o
                0x800069bc                sysconfig_gpio_poslim_get

.text.bbmc_greeting
                0x800069dc       0x24
 .text.bbmc_greeting
                0x800069dc       0x24 Release/bbmc-0.5.o
                0x800069dc                bbmc_greeting

.text.signalgen_circle_generic_setup
                0x80006a00       0x50
 .text.signalgen_circle_generic_setup
                0x80006a00       0x50 Release/bbmc-0.5.o
                0x80006a00                signalgen_circle_generic_setup

.text.signalgen_pulse_v1
                0x80006a50       0x9c
 .text.signalgen_pulse_v1
                0x80006a50       0x9c Release/bbmc-0.5.o
                0x80006a50                signalgen_pulse_v1

.text.bbmc_sysflags_clear
                0x80006aec      0x164
 .text.bbmc_sysflags_clear
                0x80006aec      0x164 Release/bbmc-0.5.o
                0x80006aec                bbmc_sysflags_clear

.text.bbmc_sysflags_set
                0x80006c50      0x160
 .text.bbmc_sysflags_set
                0x80006c50      0x160 Release/bbmc-0.5.o
                0x80006c50                bbmc_sysflags_set

.text.bbmc_cli_clear
                0x80006db0       0x24
 .text.bbmc_cli_clear
                0x80006db0       0x24 Release/bbmc-0.5.o
                0x80006db0                bbmc_cli_clear

.text.bbmc_cli_newlin
                0x80006dd4       0x3c
 .text.bbmc_cli_newlin
                0x80006dd4       0x3c Release/bbmc-0.5.o
                0x80006dd4                bbmc_cli_newlin

.text.bbmc_cisr_print
                0x80006e10       0x98
 .text.bbmc_cisr_print
                0x80006e10       0x98 Release/bbmc-0.5.o
                0x80006e10                bbmc_cisr_print

.text.bbmc_sysflags_print
                0x80006ea8      0x138
 .text.bbmc_sysflags_print
                0x80006ea8      0x138 Release/bbmc-0.5.o
                0x80006ea8                bbmc_sysflags_print

.text.bbmc_cli_cursor_mv_top
                0x80006fe0       0x24
 .text.bbmc_cli_cursor_mv_top
                0x80006fe0       0x24 Release/bbmc-0.5.o
                0x80006fe0                bbmc_cli_cursor_mv_top

.text.bbmc_cli_cursor_mv_bottom
                0x80007004       0x30
 .text.bbmc_cli_cursor_mv_bottom
                0x80007004       0x30 Release/bbmc-0.5.o
                0x80007004                bbmc_cli_cursor_mv_bottom

.text.bbmc_dof_state_print
                0x80007034      0x128
 .text.bbmc_dof_state_print
                0x80007034      0x128 Release/bbmc-0.5.o
                0x80007034                bbmc_dof_state_print

.text.bbmc_poslim_print
                0x8000715c      0x118
 .text.bbmc_poslim_print
                0x8000715c      0x118 Release/bbmc-0.5.o
                0x8000715c                bbmc_poslim_print

.text.bbmc_pwm_print
                0x80007274       0xa0
 .text.bbmc_pwm_print
                0x80007274       0xa0 Release/bbmc-0.5.o
                0x80007274                bbmc_pwm_print

.text.bbmc_qei_print
                0x80007314       0x98
 .text.bbmc_qei_print
                0x80007314       0x98 Release/bbmc-0.5.o
                0x80007314                bbmc_qei_print

.text.bbmc_timers_print
                0x800073ac       0xc8
 .text.bbmc_timers_print
                0x800073ac       0xc8 Release/bbmc-0.5.o
                0x800073ac                bbmc_timers_print

.text.cmnd_status
                0x80007474      0x108
 .text.cmnd_status
                0x80007474      0x108 Release/bbmc-0.5.o
                0x80007474                cmnd_status

.text.bbmc_isr_return_value
                0x8000757c       0xdc
 .text.bbmc_isr_return_value
                0x8000757c       0xdc Release/bbmc-0.5.o
                0x8000757c                bbmc_isr_return_value

.text.bbmc_perf_print
                0x80007658       0x78
 .text.bbmc_perf_print
                0x80007658       0x78 Release/bbmc-0.5.o
                0x80007658                bbmc_perf_print

.text.cmnd_perf
                0x800076d0      0x178
 .text.cmnd_perf
                0x800076d0      0x178 Release/bbmc-0.5.o
                0x800076d0                cmnd_perf

.text.datalog_s_setup
                0x80007848       0x6c
 .text.datalog_s_setup
                0x80007848       0x6c Release/bbmc-0.5.o
                0x80007848                datalog_s_setup

.text.datalog_s_init
                0x800078b4       0x88
 .text.datalog_s_init
                0x800078b4       0x88 Release/bbmc-0.5.o
                0x800078b4                datalog_s_init

.text.sysconfig_logs_setup
                0x8000793c       0xf8
 .text.sysconfig_logs_setup
                0x8000793c       0xf8 Release/bbmc-0.5.o
                0x8000793c                sysconfig_logs_setup

.text.sysconfig_setup
                0x80007a34      0x100
 .text.sysconfig_setup
                0x80007a34      0x100 Release/bbmc-0.5.o
                0x80007a34                sysconfig_setup

.text.bbmc_setup
                0x80007b34       0x50
 .text.bbmc_setup
                0x80007b34       0x50 Release/bbmc-0.5.o
                0x80007b34                bbmc_setup

.text.startup.main
                0x80007b84       0xe0
 .text.startup.main
                0x80007b84       0xe0 Release/bbmc-0.5.o
                0x80007b84                main

.text.datalog_s_print
                0x80007c64      0x28c
 .text.datalog_s_print
                0x80007c64      0x28c Release/bbmc-0.5.o
                0x80007c64                datalog_s_print

.text.func_rmpi
                0x80007ef0      0x1cc
 .text.func_rmpi
                0x80007ef0      0x1cc Release/bbmc-0.5.o
                0x80007ef0                func_rmpi

.text.func_goto
                0x800080bc      0x200
 .text.func_goto
                0x800080bc      0x200 Release/bbmc-0.5.o
                0x800080bc                func_goto

.text.func_run  0x800082bc      0x200
 .text.func_run
                0x800082bc      0x200 Release/bbmc-0.5.o
                0x800082bc                func_run

.text.cmnd_run_position_init
                0x800084bc       0x9c
 .text.cmnd_run_position_init
                0x800084bc       0x9c Release/bbmc-0.5.o
                0x800084bc                cmnd_run_position_init

.text.cmnd_run_trapezoid_default
                0x80008558      0x168
 .text.cmnd_run_trapezoid_default
                0x80008558      0x168 Release/bbmc-0.5.o
                0x80008558                cmnd_run_trapezoid_default

.text.cmnd_run_circle_default
                0x800086c0       0xf8
 .text.cmnd_run_circle_default
                0x800086c0       0xf8 Release/bbmc-0.5.o
                0x800086c0                cmnd_run_circle_default

.text.cmnd_run_control_pid_default
                0x800087b8       0x9c
 .text.cmnd_run_control_pid_default
                0x800087b8       0x9c Release/bbmc-0.5.o
                0x800087b8                cmnd_run_control_pid_default

.text.cmnd_run_control_pid_config
                0x80008854      0x2dc
 .text.cmnd_run_control_pid_config
                0x80008854      0x2dc Release/bbmc-0.5.o
                0x80008854                cmnd_run_control_pid_config

.text.cmnd_run_circle_config
                0x80008b30      0x220
 .text.cmnd_run_circle_config
                0x80008b30      0x220 Release/bbmc-0.5.o
                0x80008b30                cmnd_run_circle_config

.text.cmnd_run_trapezoid_config
                0x80008d50      0x2e8
 .text.cmnd_run_trapezoid_config
                0x80008d50      0x2e8 Release/bbmc-0.5.o
                0x80008d50                cmnd_run_trapezoid_config

.text.cmnd_run_config_args
                0x80009038      0x194
 .text.cmnd_run_config_args
                0x80009038      0x194 Release/bbmc-0.5.o
                0x80009038                cmnd_run_config_args

.text.cmnd_run  0x800091cc      0x13c
 .text.cmnd_run
                0x800091cc      0x13c Release/bbmc-0.5.o
                0x800091cc                cmnd_run

.text.cmnd_datalog_args
                0x80009308      0x120
 .text.cmnd_datalog_args
                0x80009308      0x120 Release/bbmc-0.5.o
                0x80009308                cmnd_datalog_args

.text.cmnd_datalog
                0x80009428      0x294
 .text.cmnd_datalog
                0x80009428      0x294 Release/bbmc-0.5.o
                0x80009428                cmnd_datalog

.text.cmnd_reset_poscalib_args
                0x800096bc      0x1d4
 .text.cmnd_reset_poscalib_args
                0x800096bc      0x1d4 Release/bbmc-0.5.o
                0x800096bc                cmnd_reset_poscalib_args

.text.cmnd_reset_poscalib_func
                0x80009890       0xf4
 .text.cmnd_reset_poscalib_func
                0x80009890       0xf4 Release/bbmc-0.5.o
                0x80009890                cmnd_reset_poscalib_func

.text.cmnd_goto_args
                0x80009988      0x3e0
 .text.cmnd_goto_args
                0x80009988      0x3e0 Release/bbmc-0.5.o
                0x80009988                cmnd_goto_args

.text.cmnd_goto_return_val
                0x80009d68      0x114
 .text.cmnd_goto_return_val
                0x80009d68      0x114 Release/bbmc-0.5.o
                0x80009d68                cmnd_goto_return_val

.text.cmnd_goto
                0x80009e7c      0x138
 .text.cmnd_goto
                0x80009e7c      0x138 Release/bbmc-0.5.o
                0x80009e7c                cmnd_goto

.text.bbmc_goto_home
                0x80009fb4       0xa8
 .text.bbmc_goto_home
                0x80009fb4       0xa8 Release/bbmc-0.5.o
                0x80009fb4                bbmc_goto_home

.text.cmnd_reset
                0x8000a05c      0x1f8
 .text.cmnd_reset
                0x8000a05c      0x1f8 Release/bbmc-0.5.o
                0x8000a05c                cmnd_reset

.text.cmnd_rmpi_break_args
                0x8000a254      0x354
 .text.cmnd_rmpi_break_args
                0x8000a254      0x354 Release/bbmc-0.5.o
                0x8000a254                cmnd_rmpi_break_args

.text.cmnd_rmpi_break_func
                0x8000a5a8       0xac
 .text.cmnd_rmpi_break_func
                0x8000a5a8       0xac Release/bbmc-0.5.o
                0x8000a5a8                cmnd_rmpi_break_func

.text.cmnd_rmpi_break
                0x8000a654       0xf8
 .text.cmnd_rmpi_break
                0x8000a654       0xf8 Release/bbmc-0.5.o
                0x8000a654                cmnd_rmpi_break

.text.cmnd_rmpi_control_pid_config
                0x8000a74c      0x314
 .text.cmnd_rmpi_control_pid_config
                0x8000a74c      0x314 Release/bbmc-0.5.o
                0x8000a74c                cmnd_rmpi_control_pid_config

.text.cmnd_rmpi_pid_tune_args
                0x8000aa60      0x154
 .text.cmnd_rmpi_pid_tune_args
                0x8000aa60      0x154 Release/bbmc-0.5.o
                0x8000aa60                cmnd_rmpi_pid_tune_args

.text.cmnd_rmpi_pid_tune_func
                0x8000abb4       0xc0
 .text.cmnd_rmpi_pid_tune_func
                0x8000abb4       0xc0 Release/bbmc-0.5.o
                0x8000abb4                cmnd_rmpi_pid_tune_func

.text.cmnd_rmpi_pid_tune
                0x8000ac74      0x120
 .text.cmnd_rmpi_pid_tune
                0x8000ac74      0x120 Release/bbmc-0.5.o
                0x8000ac74                cmnd_rmpi_pid_tune

.text.cmnd_rmpi_si_args
                0x8000ad98      0x4f0
 .text.cmnd_rmpi_si_args
                0x8000ad98      0x4f0 Release/bbmc-0.5.o
                0x8000ad98                cmnd_rmpi_si_args

.text.cmnd_rmpi_si_func
                0x8000b288      0x100
 .text.cmnd_rmpi_si_func
                0x8000b288      0x100 Release/bbmc-0.5.o
                0x8000b288                cmnd_rmpi_si_func

.text.cmnd_rmpi_si
                0x8000b388       0xf8
 .text.cmnd_rmpi_si
                0x8000b388       0xf8 Release/bbmc-0.5.o
                0x8000b388                cmnd_rmpi_si

.text.cmnd_rmpi
                0x8000b480      0x144
 .text.cmnd_rmpi
                0x8000b480      0x144 Release/bbmc-0.5.o
                0x8000b480                cmnd_rmpi

.text.cmnd_test_pwm_func
                0x8000b5c4      0x1d0
 .text.cmnd_test_pwm_func
                0x8000b5c4      0x1d0 Release/bbmc-0.5.o
                0x8000b5c4                cmnd_test_pwm_func

.text.cmnd_test_qei_args
                0x8000b794      0x2cc
 .text.cmnd_test_qei_args
                0x8000b794      0x2cc Release/bbmc-0.5.o
                0x8000b794                cmnd_test_qei_args

.text.cmnd_test_qei_func
                0x8000ba60      0x1e4
 .text.cmnd_test_qei_func
                0x8000ba60      0x1e4 Release/bbmc-0.5.o
                0x8000ba60                cmnd_test_qei_func

.text.cmnd_test_gpio_func
                0x8000bc44      0x284
 .text.cmnd_test_gpio_func
                0x8000bc44      0x284 Release/bbmc-0.5.o
                0x8000bc44                cmnd_test_gpio_func

.text.cmnd_test
                0x8000bec8      0x1f8
 .text.cmnd_test
                0x8000bec8      0x1f8 Release/bbmc-0.5.o
                0x8000bec8                cmnd_test

.iplt           0x8000c0c0        0x0
 .iplt          0x00000000        0x0 Release/bbmc-0.5.o

.text.dmtimer_open
                0x8000c0c0       0x98
 .text.dmtimer_open
                0x8000c0c0       0x98 ../../../../../..//bin/armv7a/gcc/am335x/drivers/Release/libdrivers.a(dmtimer.o)
                0x8000c0c0                dmtimer_open

.text.dmtimer_init
                0x8000c158       0x50
 .text.dmtimer_init
                0x8000c158       0x50 ../../../../../..//bin/armv7a/gcc/am335x/drivers/Release/libdrivers.a(dmtimer.o)
                0x8000c158                dmtimer_init

.text.dmtimer_handle_init
                0x8000c1a8       0x6c
 .text.dmtimer_handle_init
                0x8000c1a8       0x6c ../../../../../..//bin/armv7a/gcc/am335x/drivers/Release/libdrivers.a(dmtimer.o)
                0x8000c1a8                dmtimer_handle_init

.text.dmtimer_tldr_config_get
                0x8000c214       0x20
 .text.dmtimer_tldr_config_get
                0x8000c214       0x20 ../../../../../..//bin/armv7a/gcc/am335x/drivers/Release/libdrivers.a(dmtimer.o)
                0x8000c214                dmtimer_tldr_config_get

.text.DMTimerEnable
                0x8000c234       0x10
 .text.DMTimerEnable
                0x8000c234       0x10 ../../../../../..//bin/armv7a/gcc/am335x/drivers/Release/libdrivers.a(dmtimer.o)
                0x8000c234                DMTimerEnable

.text.DMTimerDisable
                0x8000c244       0x10
 .text.DMTimerDisable
                0x8000c244       0x10 ../../../../../..//bin/armv7a/gcc/am335x/drivers/Release/libdrivers.a(dmtimer.o)
                0x8000c244                DMTimerDisable

.text.DMTimerCounterSet
                0x8000c254        0x8
 .text.DMTimerCounterSet
                0x8000c254        0x8 ../../../../../..//bin/armv7a/gcc/am335x/drivers/Release/libdrivers.a(dmtimer.o)
                0x8000c254                DMTimerCounterSet

.text.DMTimerCounterGet
                0x8000c25c        0x8
 .text.DMTimerCounterGet
                0x8000c25c        0x8 ../../../../../..//bin/armv7a/gcc/am335x/drivers/Release/libdrivers.a(dmtimer.o)
                0x8000c25c                DMTimerCounterGet

.text.DMTimerIntStatusClear
                0x8000c264        0xc
 .text.DMTimerIntStatusClear
                0x8000c264        0xc ../../../../../..//bin/armv7a/gcc/am335x/drivers/Release/libdrivers.a(dmtimer.o)
                0x8000c264                DMTimerIntStatusClear

.text.DMTimerIntEnable
                0x8000c270        0xc
 .text.DMTimerIntEnable
                0x8000c270        0xc ../../../../../..//bin/armv7a/gcc/am335x/drivers/Release/libdrivers.a(dmtimer.o)
                0x8000c270                DMTimerIntEnable

.text.DMTimerIntDisable
                0x8000c27c        0xc
 .text.DMTimerIntDisable
                0x8000c27c        0xc ../../../../../..//bin/armv7a/gcc/am335x/drivers/Release/libdrivers.a(dmtimer.o)
                0x8000c27c                DMTimerIntDisable

.text.ehrpwm_open
                0x8000c288       0x54
 .text.ehrpwm_open
                0x8000c288       0x54 ../../../../../..//bin/armv7a/gcc/am335x/drivers/Release/libdrivers.a(ehrpwm.o)
                0x8000c288                ehrpwm_open

.text.ehrpwm_init
                0x8000c2dc       0xa4
 .text.ehrpwm_init
                0x8000c2dc       0xa4 ../../../../../..//bin/armv7a/gcc/am335x/drivers/Release/libdrivers.a(ehrpwm.o)
                0x8000c2dc                ehrpwm_init

.text.ehrpwm_enable
                0x8000c380       0x54
 .text.ehrpwm_enable
                0x8000c380       0x54 ../../../../../..//bin/armv7a/gcc/am335x/drivers/Release/libdrivers.a(ehrpwm.o)
                0x8000c380                ehrpwm_enable

.text.ehrpwm_disable
                0x8000c3d4       0x58
 .text.ehrpwm_disable
                0x8000c3d4       0x58 ../../../../../..//bin/armv7a/gcc/am335x/drivers/Release/libdrivers.a(ehrpwm.o)
                0x8000c3d4                ehrpwm_disable

.text.ehrpwm_handle_init
                0x8000c42c       0x84
 .text.ehrpwm_handle_init
                0x8000c42c       0x84 ../../../../../..//bin/armv7a/gcc/am335x/drivers/Release/libdrivers.a(ehrpwm.o)
                0x8000c42c                ehrpwm_handle_init

.text.ehrpwm_config_frequency_get
                0x8000c4b0       0x90
 .text.ehrpwm_config_frequency_get
                0x8000c4b0       0x90 ../../../../../..//bin/armv7a/gcc/am335x/drivers/Release/libdrivers.a(ehrpwm.o)
                0x8000c4b0                ehrpwm_config_frequency_get

.text.ehrpwm_write
                0x8000c540      0x180
 .text.ehrpwm_write
                0x8000c540      0x180 ../../../../../..//bin/armv7a/gcc/am335x/drivers/Release/libdrivers.a(ehrpwm.o)
                0x8000c540                ehrpwm_write

.text._eqep_input_speed_cap
                0x8000c6c0      0x1d8
 .text._eqep_input_speed_cap
                0x8000c6c0      0x1d8 ../../../../../..//bin/armv7a/gcc/am335x/drivers/Release/libdrivers.a(eqep.o)

.text.eqep_open
                0x8000c898       0x70
 .text.eqep_open
                0x8000c898       0x70 ../../../../../..//bin/armv7a/gcc/am335x/drivers/Release/libdrivers.a(eqep.o)
                0x8000c898                eqep_open

.text.eqep_init
                0x8000c908       0x94
 .text.eqep_init
                0x8000c908       0x94 ../../../../../..//bin/armv7a/gcc/am335x/drivers/Release/libdrivers.a(eqep.o)
                0x8000c908                eqep_init

.text.eqep_read
                0x8000c99c      0x114
 .text.eqep_read
                0x8000c99c      0x114 ../../../../../..//bin/armv7a/gcc/am335x/drivers/Release/libdrivers.a(eqep.o)
                0x8000c99c                eqep_read

.text.eqep_write
                0x8000cab0       0x24
 .text.eqep_write
                0x8000cab0       0x24 ../../../../../..//bin/armv7a/gcc/am335x/drivers/Release/libdrivers.a(eqep.o)
                0x8000cab0                eqep_write

.text.eqep_handle_init
                0x8000cad4       0x8c
 .text.eqep_handle_init
                0x8000cad4       0x8c ../../../../../..//bin/armv7a/gcc/am335x/drivers/Release/libdrivers.a(eqep.o)
                0x8000cad4                eqep_handle_init

.text.eqep_data_init
                0x8000cb60       0x40
 .text.eqep_data_init
                0x8000cb60       0x40 ../../../../../..//bin/armv7a/gcc/am335x/drivers/Release/libdrivers.a(eqep.o)
                0x8000cb60                eqep_data_init

.text.eqep_caputure_config
                0x8000cba0       0xc4
 .text.eqep_caputure_config
                0x8000cba0       0xc4 ../../../../../..//bin/armv7a/gcc/am335x/drivers/Release/libdrivers.a(eqep.o)
                0x8000cba0                eqep_caputure_config

.text.GPIOModuleReset
                0x8000cc64       0x20
 .text.GPIOModuleReset
                0x8000cc64       0x20 ../../../../../..//bin/armv7a/gcc/am335x/drivers/Release/libdrivers.a(gpio_v2.o)
                0x8000cc64                GPIOModuleReset

.text.GPIOModuleEnable
                0x8000cc84       0x10
 .text.GPIOModuleEnable
                0x8000cc84       0x10 ../../../../../..//bin/armv7a/gcc/am335x/drivers/Release/libdrivers.a(gpio_v2.o)
                0x8000cc84                GPIOModuleEnable

.text.GPIODirModeSet
                0x8000cc94       0x1c
 .text.GPIODirModeSet
                0x8000cc94       0x1c ../../../../../..//bin/armv7a/gcc/am335x/drivers/Release/libdrivers.a(gpio_v2.o)
                0x8000cc94                GPIODirModeSet

.text.GPIOPinWrite
                0x8000ccb0       0x1c
 .text.GPIOPinWrite
                0x8000ccb0       0x1c ../../../../../..//bin/armv7a/gcc/am335x/drivers/Release/libdrivers.a(gpio_v2.o)
                0x8000ccb0                GPIOPinWrite

.text.GPIOPinRead
                0x8000cccc       0x10
 .text.GPIOPinRead
                0x8000cccc       0x10 ../../../../../..//bin/armv7a/gcc/am335x/drivers/Release/libdrivers.a(gpio_v2.o)
                0x8000cccc                GPIOPinRead

.text.GPIOPinIntEnable
                0x8000ccdc       0x18
 .text.GPIOPinIntEnable
                0x8000ccdc       0x18 ../../../../../..//bin/armv7a/gcc/am335x/drivers/Release/libdrivers.a(gpio_v2.o)
                0x8000ccdc                GPIOPinIntEnable

.text.GPIOPinIntDisable
                0x8000ccf4       0x18
 .text.GPIOPinIntDisable
                0x8000ccf4       0x18 ../../../../../..//bin/armv7a/gcc/am335x/drivers/Release/libdrivers.a(gpio_v2.o)
                0x8000ccf4                GPIOPinIntDisable

.text.GPIOIntTypeSet
                0x8000cd0c      0x124
 .text.GPIOIntTypeSet
                0x8000cd0c      0x124 ../../../../../..//bin/armv7a/gcc/am335x/drivers/Release/libdrivers.a(gpio_v2.o)
                0x8000cd0c                GPIOIntTypeSet

.text.GPIOPinIntStatus
                0x8000ce30       0x18
 .text.GPIOPinIntStatus
                0x8000ce30       0x18 ../../../../../..//bin/armv7a/gcc/am335x/drivers/Release/libdrivers.a(gpio_v2.o)
                0x8000ce30                GPIOPinIntStatus

.text.GPIOPinIntClear
                0x8000ce48       0x18
 .text.GPIOPinIntClear
                0x8000ce48       0x18 ../../../../../..//bin/armv7a/gcc/am335x/drivers/Release/libdrivers.a(gpio_v2.o)
                0x8000ce48                GPIOPinIntClear

.text.GPIODebounceFuncControl
                0x8000ce60       0x20
 .text.GPIODebounceFuncControl
                0x8000ce60       0x20 ../../../../../..//bin/armv7a/gcc/am335x/drivers/Release/libdrivers.a(gpio_v2.o)
                0x8000ce60                GPIODebounceFuncControl

.text.GPIODebounceTimeConfig
                0x8000ce80        0xc
 .text.GPIODebounceTimeConfig
                0x8000ce80        0xc ../../../../../..//bin/armv7a/gcc/am335x/drivers/Release/libdrivers.a(gpio_v2.o)
                0x8000ce80                GPIODebounceTimeConfig

.text.L3L4_driver_init
                0x8000ce8c       0x14
 .text.L3L4_driver_init
                0x8000ce8c       0x14 ../../../../../..//bin/armv7a/gcc/am335x/drivers/Release/libdrivers.a(pwmss.o)
                0x8000ce8c                L3L4_driver_init

.text.pwmss_driver_init
                0x8000cea0       0x44
 .text.pwmss_driver_init
                0x8000cea0       0x44 ../../../../../..//bin/armv7a/gcc/am335x/drivers/Release/libdrivers.a(pwmss.o)
                0x8000cea0                pwmss_driver_init

.text.L3L4_clock_domain_open
                0x8000cee4      0x190
 .text.L3L4_clock_domain_open
                0x8000cee4      0x190 ../../../../../..//bin/armv7a/gcc/am335x/drivers/Release/libdrivers.a(pwmss.o)
                0x8000cee4                L3L4_clock_domain_open

.text.pwmss_clk_enable
                0x8000d074      0x100
 .text.pwmss_clk_enable
                0x8000d074      0x100 ../../../../../..//bin/armv7a/gcc/am335x/drivers/Release/libdrivers.a(pwmss.o)
                0x8000d074                pwmss_clk_enable

.text.pwmss_tbclk_enable
                0x8000d174       0x90
 .text.pwmss_tbclk_enable
                0x8000d174       0x90 ../../../../../..//bin/armv7a/gcc/am335x/drivers/Release/libdrivers.a(pwmss.o)
                0x8000d174                pwmss_tbclk_enable

.text.pwmss_tbclk_disable
                0x8000d204       0x8c
 .text.pwmss_tbclk_disable
                0x8000d204       0x8c ../../../../../..//bin/armv7a/gcc/am335x/drivers/Release/libdrivers.a(pwmss.o)
                0x8000d204                pwmss_tbclk_disable

.text.pwmss_eqep_clk_enable
                0x8000d290       0xe4
 .text.pwmss_eqep_clk_enable
                0x8000d290       0xe4 ../../../../../..//bin/armv7a/gcc/am335x/drivers/Release/libdrivers.a(pwmss.o)
                0x8000d290                pwmss_eqep_clk_enable

.text.CmdLineProcess
                0x8000d374      0x1a8
 .text.CmdLineProcess
                0x8000d374      0x1a8 ../../../../../..//bin/armv7a/gcc/utils/Release/libutils.a(cmdline.o)
                0x8000d374                CmdLineProcess

.text.PerfTimerSetup
                0x8000d51c       0x14
 .text.PerfTimerSetup
                0x8000d51c       0x14 ../../../../../..//bin/armv7a/gcc/utils/Release/libutils.a(perf.o)
                0x8000d51c                PerfTimerSetup

.text.PerfTimerStart
                0x8000d530       0x18
 .text.PerfTimerStart
                0x8000d530       0x18 ../../../../../..//bin/armv7a/gcc/utils/Release/libutils.a(perf.o)
                0x8000d530                PerfTimerStart

.text.PerfTimerStop
                0x8000d548       0x18
 .text.PerfTimerStop
                0x8000d548       0x18 ../../../../../..//bin/armv7a/gcc/utils/Release/libutils.a(perf.o)
                0x8000d548                PerfTimerStop

.text.UARTStdioInit
                0x8000d560       0x14
 .text.UARTStdioInit
                0x8000d560       0x14 ../../../../../..//bin/armv7a/gcc/utils/Release/libutils.a(uartStdio.o)
                0x8000d560                UARTStdioInit

.text.UARTPuts  0x8000d574       0x78
 .text.UARTPuts
                0x8000d574       0x78 ../../../../../..//bin/armv7a/gcc/utils/Release/libutils.a(uartStdio.o)
                0x8000d574                UARTPuts

.text.UARTGets  0x8000d5ec       0xb8
 .text.UARTGets
                0x8000d5ec       0xb8 ../../../../../..//bin/armv7a/gcc/utils/Release/libutils.a(uartStdio.o)
                0x8000d5ec                UARTGets

.text.UARTPutNum
                0x8000d6a4       0xa0
 .text.UARTPutNum
                0x8000d6a4       0xa0 ../../../../../..//bin/armv7a/gcc/utils/Release/libutils.a(uartStdio.o)
                0x8000d6a4                UARTPutNum

.text.UARTPutDouble
                0x8000d748       0xe8
 .text.UARTPutDouble
                0x8000d748       0xe8 ../../../../../..//bin/armv7a/gcc/utils/Release/libutils.a(uartStdio.o)
                0x8000d748                UARTPutDouble

.text.UARTPutc  0x8000d830       0x14
 .text.UARTPutc
                0x8000d830       0x14 ../../../../../..//bin/armv7a/gcc/utils/Release/libutils.a(uartStdio.o)
                0x8000d830                UARTPutc

.text.UARTwrite
                0x8000d844       0x68
 .text.UARTwrite
                0x8000d844       0x68 ../../../../../..//bin/armv7a/gcc/utils/Release/libutils.a(uartStdio.o)
                0x8000d844                UARTwrite

.text.UARTprintf
                0x8000d8ac      0x59c
 .text.UARTprintf
                0x8000d8ac      0x59c ../../../../../..//bin/armv7a/gcc/utils/Release/libutils.a(uartStdio.o)
                0x8000d8ac                UARTprintf

.text.DMTimer2ModuleClkConfig
                0x8000de48      0x1a8
 .text.DMTimer2ModuleClkConfig
                0x8000de48      0x1a8 ../../../../../..//bin/armv7a/gcc/am335x/beaglebone/platform/Release/libplatform.a(bb_dmtimer.o)
                0x8000de48                DMTimer2ModuleClkConfig

.text.DMTimer3ModuleClkConfig
                0x8000dff0      0x1a8
 .text.DMTimer3ModuleClkConfig
                0x8000dff0      0x1a8 ../../../../../..//bin/armv7a/gcc/am335x/beaglebone/platform/Release/libplatform.a(bb_dmtimer.o)
                0x8000dff0                DMTimer3ModuleClkConfig

.text.DMTimer4ModuleClkConfig
                0x8000e198      0x1b4
 .text.DMTimer4ModuleClkConfig
                0x8000e198      0x1b4 ../../../../../..//bin/armv7a/gcc/am335x/beaglebone/platform/Release/libplatform.a(bb_dmtimer.o)
                0x8000e198                DMTimer4ModuleClkConfig

.text.DMTimer5ModuleClkConfig
                0x8000e34c      0x1b4
 .text.DMTimer5ModuleClkConfig
                0x8000e34c      0x1b4 ../../../../../..//bin/armv7a/gcc/am335x/beaglebone/platform/Release/libplatform.a(bb_dmtimer.o)
                0x8000e34c                DMTimer5ModuleClkConfig

.text.DMTimer7ModuleClkConfig
                0x8000e500      0x1a8
 .text.DMTimer7ModuleClkConfig
                0x8000e500      0x1a8 ../../../../../..//bin/armv7a/gcc/am335x/beaglebone/platform/Release/libplatform.a(bb_dmtimer.o)
                0x8000e500                DMTimer7ModuleClkConfig

.text.GPIO1ModuleClkConfig
                0x8000e6a8       0x78
 .text.GPIO1ModuleClkConfig
                0x8000e6a8       0x78 ../../../../../..//bin/armv7a/gcc/am335x/beaglebone/platform/Release/libplatform.a(bb_gpio.o)
                0x8000e6a8                GPIO1ModuleClkConfig

.text.GpioPinMuxSetup
                0x8000e720       0x10
 .text.GpioPinMuxSetup
                0x8000e720       0x10 ../../../../../..//bin/armv7a/gcc/am335x/beaglebone/platform/Release/libplatform.a(bb_gpio.o)
                0x8000e720                GpioPinMuxSetup

.text.GpioModuleEnable
                0x8000e730       0x28
 .text.GpioModuleEnable
                0x8000e730       0x28 ../../../../../..//bin/armv7a/gcc/am335x/beaglebone/platform/Release/libplatform.a(bb_gpio.o)
                0x8000e730                GpioModuleEnable

.text.gpio_dir_1_setup
                0x8000e758       0x30
 .text.gpio_dir_1_setup
                0x8000e758       0x30 ../../../../../..//bin/armv7a/gcc/am335x/beaglebone/platform/Release/libplatform.a(bb_gpio.o)
                0x8000e758                gpio_dir_1_setup

.text.gpio_dir_2_setup
                0x8000e788       0x34
 .text.gpio_dir_2_setup
                0x8000e788       0x34 ../../../../../..//bin/armv7a/gcc/am335x/beaglebone/platform/Release/libplatform.a(bb_gpio.o)
                0x8000e788                gpio_dir_2_setup

.text.gpio_hall_1_setup
                0x8000e7bc       0x68
 .text.gpio_hall_1_setup
                0x8000e7bc       0x68 ../../../../../..//bin/armv7a/gcc/am335x/beaglebone/platform/Release/libplatform.a(bb_gpio.o)
                0x8000e7bc                gpio_hall_1_setup

.text.gpio_hall_2_setup
                0x8000e824       0x68
 .text.gpio_hall_2_setup
                0x8000e824       0x68 ../../../../../..//bin/armv7a/gcc/am335x/beaglebone/platform/Release/libplatform.a(bb_gpio.o)
                0x8000e824                gpio_hall_2_setup

.text.gpio_killswitch_setup
                0x8000e88c       0x80
 .text.gpio_killswitch_setup
                0x8000e88c       0x80 ../../../../../..//bin/armv7a/gcc/am335x/beaglebone/platform/Release/libplatform.a(bb_gpio.o)
                0x8000e88c                gpio_killswitch_setup

.text.eqep_1_pinmux_setup
                0x8000e90c       0x40
 .text.eqep_1_pinmux_setup
                0x8000e90c       0x40 ../../../../../..//bin/armv7a/gcc/am335x/beaglebone/platform/Release/libplatform.a(bb_pwmss.o)
                0x8000e90c                eqep_1_pinmux_setup

.text.eqep_2_pinmux_setup
                0x8000e94c       0x40
 .text.eqep_2_pinmux_setup
                0x8000e94c       0x40 ../../../../../..//bin/armv7a/gcc/am335x/beaglebone/platform/Release/libplatform.a(bb_pwmss.o)
                0x8000e94c                eqep_2_pinmux_setup

.text.ehrpwm_1_pinmux_setup
                0x8000e98c       0x28
 .text.ehrpwm_1_pinmux_setup
                0x8000e98c       0x28 ../../../../../..//bin/armv7a/gcc/am335x/beaglebone/platform/Release/libplatform.a(bb_pwmss.o)
                0x8000e98c                ehrpwm_1_pinmux_setup

.text.ehrpwm_2_pinmux_setup
                0x8000e9b4       0x28
 .text.ehrpwm_2_pinmux_setup
                0x8000e9b4       0x28 ../../../../../..//bin/armv7a/gcc/am335x/beaglebone/platform/Release/libplatform.a(bb_pwmss.o)
                0x8000e9b4                ehrpwm_2_pinmux_setup

.text.SysPerfTimerSetup
                0x8000e9dc       0x2c
 .text.SysPerfTimerSetup
                0x8000e9dc       0x2c ../../../../../..//bin/armv7a/gcc/am335x/beaglebone/platform/Release/libplatform.a(bb_sysperf.o)
                0x8000e9dc                SysPerfTimerSetup

.text.SysPerfTimerConfig
                0x8000ea08       0x6c
 .text.SysPerfTimerConfig
                0x8000ea08       0x6c ../../../../../..//bin/armv7a/gcc/am335x/beaglebone/platform/Release/libplatform.a(bb_sysperf.o)
                0x8000ea08                SysPerfTimerConfig

.text.UARTConsoleInit
                0x8000ea74       0xf0
 .text.UARTConsoleInit
                0x8000ea74       0xf0 ../../../../../..//bin/armv7a/gcc/am335x/beaglebone/platform/Release/libplatform.a(bb_uartConsole.o)
                0x8000ea74                UARTConsoleInit

.text.UARTConsolePutc
                0x8000eb64       0x20
 .text.UARTConsolePutc
                0x8000eb64       0x20 ../../../../../..//bin/armv7a/gcc/am335x/beaglebone/platform/Release/libplatform.a(bb_uartConsole.o)
                0x8000eb64                UARTConsolePutc

.text.UARTConsoleGetc
                0x8000eb84       0x20
 .text.UARTConsoleGetc
                0x8000eb84       0x20 ../../../../../..//bin/armv7a/gcc/am335x/beaglebone/platform/Release/libplatform.a(bb_uartConsole.o)
                0x8000eb84                UARTConsoleGetc

.text.UARTPinMuxSetup
                0x8000eba4       0x24
 .text.UARTPinMuxSetup
                0x8000eba4       0x24 ../../../../../..//bin/armv7a/gcc/am335x/beaglebone/platform/Release/libplatform.a(bb_uart.o)
                0x8000eba4                UARTPinMuxSetup

.text.UART0ModuleClkConfig
                0x8000ebc8      0x25c
 .text.UART0ModuleClkConfig
                0x8000ebc8      0x25c ../../../../../..//bin/armv7a/gcc/am335x/beaglebone/platform/Release/libplatform.a(bb_uart.o)
                0x8000ebc8                UART0ModuleClkConfig

.text.CacheEnable
                0x8000ee24       0x84
 .text.CacheEnable
                0x8000ee24       0x84 ../../../../../..//bin/armv7a/gcc/am335x/system_config/Release/libsystem_config.a(cache.o)
                0x8000ee24                CacheEnable

.text.IntDefaultHandler
                0x8000eea8        0x4
 .text.IntDefaultHandler
                0x8000eea8        0x4 ../../../../../..//bin/armv7a/gcc/am335x/system_config/Release/libsystem_config.a(interrupt.o)

.text.IntRegister
                0x8000eeac       0x10
 .text.IntRegister
                0x8000eeac       0x10 ../../../../../..//bin/armv7a/gcc/am335x/system_config/Release/libsystem_config.a(interrupt.o)
                0x8000eeac                IntRegister

.text.IntAINTCInit
                0x8000eebc       0x54
 .text.IntAINTCInit
                0x8000eebc       0x54 ../../../../../..//bin/armv7a/gcc/am335x/system_config/Release/libsystem_config.a(interrupt.o)
                0x8000eebc                IntAINTCInit

.text.IntPrioritySet
                0x8000ef10       0x24
 .text.IntPrioritySet
                0x8000ef10       0x24 ../../../../../..//bin/armv7a/gcc/am335x/system_config/Release/libsystem_config.a(interrupt.o)
                0x8000ef10                IntPrioritySet

.text.IntSystemEnable
                0x8000ef34       0x20
 .text.IntSystemEnable
                0x8000ef34       0x20 ../../../../../..//bin/armv7a/gcc/am335x/system_config/Release/libsystem_config.a(interrupt.o)
                0x8000ef34                IntSystemEnable

.text.IntMasterIRQEnable
                0x8000ef54       0x14
 .text.IntMasterIRQEnable
                0x8000ef54       0x14 ../../../../../..//bin/armv7a/gcc/am335x/system_config/Release/libsystem_config.a(interrupt.o)
                0x8000ef54                IntMasterIRQEnable

.text.IntMasterIRQDisable
                0x8000ef68       0x14
 .text.IntMasterIRQDisable
                0x8000ef68       0x14 ../../../../../..//bin/armv7a/gcc/am335x/system_config/Release/libsystem_config.a(interrupt.o)
                0x8000ef68                IntMasterIRQDisable

.text.start_boot
                0x8000ef7c       0x60
 .text.start_boot
                0x8000ef7c       0x60 ../../../../../..//bin/armv7a/gcc/am335x/system_config/Release/libsystem_config.a(startup.o)
                0x8000ef7c                start_boot

.text.CPUirqd   0x8000efdc       0x10
 .text.CPUirqd  0x8000efdc       0x10 ../../../../../..//bin/armv7a/gcc/am335x/system_config/Release/libsystem_config.a(cpu.o)
                0x8000efdc                CPUirqd

.text.CPUirqe   0x8000efec       0x10
 .text.CPUirqe  0x8000efec       0x10 ../../../../../..//bin/armv7a/gcc/am335x/system_config/Release/libsystem_config.a(cpu.o)
                0x8000efec                CPUirqe

.text.UARTOperatingModeSelect
                0x8000effc       0x2c
 .text.UARTOperatingModeSelect
                0x8000effc       0x2c ../../../../../..//bin/armv7a/gcc/am335x/drivers/Release/libdrivers.a(uart_irda_cir.o)
                0x8000effc                UARTOperatingModeSelect

.text.UARTDivisorValCompute
                0x8000f028       0x68
 .text.UARTDivisorValCompute
                0x8000f028       0x68 ../../../../../..//bin/armv7a/gcc/am335x/drivers/Release/libdrivers.a(uart_irda_cir.o)
                0x8000f028                UARTDivisorValCompute

.text.UARTDivisorLatchDisable
                0x8000f090       0x10
 .text.UARTDivisorLatchDisable
                0x8000f090       0x10 ../../../../../..//bin/armv7a/gcc/am335x/drivers/Release/libdrivers.a(uart_irda_cir.o)
                0x8000f090                UARTDivisorLatchDisable

.text.UARTRegConfigModeEnable
                0x8000f0a0       0x44
 .text.UARTRegConfigModeEnable
                0x8000f0a0       0x44 ../../../../../..//bin/armv7a/gcc/am335x/drivers/Release/libdrivers.a(uart_irda_cir.o)
                0x8000f0a0                UARTRegConfigModeEnable

.text.UARTDivisorLatchWrite
                0x8000f0e4      0x13c
 .text.UARTDivisorLatchWrite
                0x8000f0e4      0x13c ../../../../../..//bin/armv7a/gcc/am335x/drivers/Release/libdrivers.a(uart_irda_cir.o)
                0x8000f0e4                UARTDivisorLatchWrite

.text.UARTBreakCtl
                0x8000f220       0x20
 .text.UARTBreakCtl
                0x8000f220       0x20 ../../../../../..//bin/armv7a/gcc/am335x/drivers/Release/libdrivers.a(uart_irda_cir.o)
                0x8000f220                UARTBreakCtl

.text.UARTLineCharacConfig
                0x8000f240       0x3c
 .text.UARTLineCharacConfig
                0x8000f240       0x3c ../../../../../..//bin/armv7a/gcc/am335x/drivers/Release/libdrivers.a(uart_irda_cir.o)
                0x8000f240                UARTLineCharacConfig

.text.UARTFIFORegisterWrite
                0x8000f27c       0x40
 .text.UARTFIFORegisterWrite
                0x8000f27c       0x40 ../../../../../..//bin/armv7a/gcc/am335x/drivers/Release/libdrivers.a(uart_irda_cir.o)
                0x8000f27c                UARTFIFORegisterWrite

.text.UARTSubConfigTCRTLRModeEn
                0x8000f2bc       0x74
 .text.UARTSubConfigTCRTLRModeEn
                0x8000f2bc       0x74 ../../../../../..//bin/armv7a/gcc/am335x/drivers/Release/libdrivers.a(uart_irda_cir.o)
                0x8000f2bc                UARTSubConfigTCRTLRModeEn

.text.UARTTCRTLRBitValRestore
                0x8000f330       0x78
 .text.UARTTCRTLRBitValRestore
                0x8000f330       0x78 ../../../../../..//bin/armv7a/gcc/am335x/drivers/Release/libdrivers.a(uart_irda_cir.o)
                0x8000f330                UARTTCRTLRBitValRestore

.text.UARTFIFOConfig
                0x8000f3a8      0x1c8
 .text.UARTFIFOConfig
                0x8000f3a8      0x1c8 ../../../../../..//bin/armv7a/gcc/am335x/drivers/Release/libdrivers.a(uart_irda_cir.o)
                0x8000f3a8                UARTFIFOConfig

.text.UARTCharGet
                0x8000f570       0x30
 .text.UARTCharGet
                0x8000f570       0x30 ../../../../../..//bin/armv7a/gcc/am335x/drivers/Release/libdrivers.a(uart_irda_cir.o)
                0x8000f570                UARTCharGet

.text.UARTCharPut
                0x8000f5a0       0x30
 .text.UARTCharPut
                0x8000f5a0       0x30 ../../../../../..//bin/armv7a/gcc/am335x/drivers/Release/libdrivers.a(uart_irda_cir.o)
                0x8000f5a0                UARTCharPut

.text.UARTModuleReset
                0x8000f5d0       0x20
 .text.UARTModuleReset
                0x8000f5d0       0x20 ../../../../../..//bin/armv7a/gcc/am335x/drivers/Release/libdrivers.a(uart_irda_cir.o)
                0x8000f5d0                UARTModuleReset

.rodata.str1.4  0x8000f5f0     0x38fa
 .rodata.str1.4
                0x8000f5f0     0x384b Release/bbmc-0.5.o
                               0x3854 (size before relaxing)
 *fill*         0x80012e3b        0x1 00
 .rodata.str1.4
                0x80012e3c       0x8e ../../../../../..//bin/armv7a/gcc/utils/Release/libutils.a(cmdline.o)
                                 0x90 (size before relaxing)
 *fill*         0x80012eca        0x2 00
 .rodata.str1.4
                0x80012ecc       0x1e ../../../../../..//bin/armv7a/gcc/utils/Release/libutils.a(uartStdio.o)
                                 0x24 (size before relaxing)
 .rodata.str1.4
                0x00000000       0x20 /home/vassilis/Projects/compilers/cs_q1_2009_161/arm-none-eabi/lib//libc.a(lib_a-impure.o)
                                  0x4 (size before relaxing)

.rodata.cmd_help
                0x80012eec      0xd00
 .rodata.cmd_help
                0x80012eec      0xd00 Release/bbmc-0.5.o

.rodata.cmd_names
                0x80013bec       0xd0
 .rodata.cmd_names
                0x80013bec       0xd0 Release/bbmc-0.5.o

.rodata.dmtimer
                0x80013cbc       0x18
 .rodata.dmtimer
                0x80013cbc       0x18 ../../../../../..//bin/armv7a/gcc/am335x/drivers/Release/libdrivers.a(dmtimer.o)

.rodata.ehrpwm  0x80013cd4        0xc
 .rodata.ehrpwm
                0x80013cd4        0xc ../../../../../..//bin/armv7a/gcc/am335x/drivers/Release/libdrivers.a(ehrpwm.o)

.rodata.eqep    0x80013ce0        0xc
 .rodata.eqep   0x80013ce0        0xc ../../../../../..//bin/armv7a/gcc/am335x/drivers/Release/libdrivers.a(eqep.o)

.rodata.vecTbl  0x80013cec       0x38
 .rodata.vecTbl
                0x80013cec       0x38 ../../../../../..//bin/armv7a/gcc/am335x/system_config/Release/libsystem_config.a(startup.o)

.rodata         0x80013d28      0x320
 .rodata        0x80013d28      0x101 /home/vassilis/Projects/compilers/cs_q1_2009_161/arm-none-eabi/lib//libc.a(lib_a-ctype_.o)
                0x80013d28                _ctype_
 *fill*         0x80013e29        0x3 00
 .rodata        0x80013e2c      0x188 /home/vassilis/Projects/compilers/cs_q1_2009_161/arm-none-eabi/lib//libm.a(lib_a-e_rem_pio2.o)
 *fill*         0x80013fb4        0x4 00
 .rodata        0x80013fb8       0x50 /home/vassilis/Projects/compilers/cs_q1_2009_161/arm-none-eabi/lib//libm.a(lib_a-k_rem_pio2.o)
 .rodata        0x80014008       0x40 /home/vassilis/Projects/compilers/cs_q1_2009_161/arm-none-eabi/lib//libm.a(lib_a-s_atan.o)

.rel.dyn        0x80014048        0x0
 .rel.iplt      0x00000000        0x0 Release/bbmc-0.5.o
                0x80014048                . = ALIGN (0x4)

.data           0x80014048      0x438
 *(.data)
 .data          0x80014048        0x8 /home/vassilis/Projects/compilers/cs_q1_2009_161/arm-none-eabi/lib//libc.a(lib_a-ctype_.o)
                0x80014048                __ctype_ptr
                0x8001404c                __ctype_ptr__
 .data          0x80014050      0x430 /home/vassilis/Projects/compilers/cs_q1_2009_161/arm-none-eabi/lib//libc.a(lib_a-impure.o)
                0x80014050                _impure_ptr

.data.t2.7304   0x80014480        0x4
 .data.t2.7304  0x80014480        0x4 Release/bbmc-0.5.o

.data.flag.7302
                0x80014484        0x4
 .data.flag.7302
                0x80014484        0x4 Release/bbmc-0.5.o

.data.g_pulse_v1_table
                0x80014488      0x108
 .data.g_pulse_v1_table
                0x80014488      0x108 Release/bbmc-0.5.o

.data.t1.7303   0x80014590        0x4
 .data.t1.7303  0x80014590        0x4 Release/bbmc-0.5.o

.data.g_cmd_table
                0x80014594       0x9c
 .data.g_cmd_table
                0x80014594       0x9c Release/bbmc-0.5.o
                0x80014594                g_cmd_table

.igot.plt       0x80014630        0x0
 .igot.plt      0x00000000        0x0 Release/bbmc-0.5.o

.data.interconnects_status
                0x80014630        0x4
 .data.interconnects_status
                0x80014630        0x4 ../../../../../..//bin/armv7a/gcc/am335x/drivers/Release/libdrivers.a(pwmss.o)

.data.pwmss_eqep_clk_status
                0x80014634        0xc
 .data.pwmss_eqep_clk_status
                0x80014634        0xc ../../../../../..//bin/armv7a/gcc/am335x/drivers/Release/libdrivers.a(pwmss.o)

.data.pwmss_ehrpwm_tbclks_status
                0x80014640        0xc
 .data.pwmss_ehrpwm_tbclks_status
                0x80014640        0xc ../../../../../..//bin/armv7a/gcc/am335x/drivers/Release/libdrivers.a(pwmss.o)

.data.pwmss_status
                0x8001464c        0xc
 .data.pwmss_status
                0x8001464c        0xc ../../../../../..//bin/armv7a/gcc/am335x/drivers/Release/libdrivers.a(pwmss.o)
                0x80014658                . = ALIGN (0x4)
                0x80014658                _bss_start = .

.bss            0x80014658      0x200
 *(.bss)
 COMMON         0x80014658      0x200 ../../../../../..//bin/armv7a/gcc/am335x/system_config/Release/libsystem_config.a(interrupt.o)
                0x80014658                fnRAMVectors
                0x80014858                . = ALIGN (0x4)
                0x80014858                _bss_end = .
                0x87fffff8                _stack = 0x87fffff8
LOAD ../../../../../..//bin/armv7a/gcc/am335x/drivers/Release/libdrivers.a
LOAD ../../../../../..//bin/armv7a/gcc/utils/Release/libutils.a
LOAD ../../../../../..//bin/armv7a/gcc/am335x/beaglebone/platform/Release/libplatform.a
LOAD ../../../../../..//bin/armv7a/gcc/am335x/system_config/Release/libsystem_config.a
LOAD ../../../../../..//bin/armv7a/gcc/contrlib/Release/libcontrl.a
LOAD /home/vassilis/Projects/compilers/cs_q1_2009_161/arm-none-eabi/lib//libc.a
LOAD /home/vassilis/Projects/compilers/cs_q1_2009_161/arm-none-eabi/lib//libm.a
LOAD /home/vassilis/Projects/compilers/cs_q1_2009_161/lib/gcc/arm-none-eabi/4.3.3//libgcc.a
LOAD ../../../../../..//bin/armv7a/gcc/am335x/drivers/Release/libdrivers.a
LOAD ../../../../../..//bin/armv7a/gcc/utils/Release/libutils.a
LOAD ../../../../../..//bin/armv7a/gcc/am335x/beaglebone/platform/Release/libplatform.a
LOAD ../../../../../..//bin/armv7a/gcc/am335x/system_config/Release/libsystem_config.a
LOAD ../../../../../..//bin/armv7a/gcc/contrlib/Release/libcontrl.a
LOAD /home/vassilis/Projects/compilers/cs_q1_2009_161/arm-none-eabi/lib//libc.a
LOAD /home/vassilis/Projects/compilers/cs_q1_2009_161/arm-none-eabi/lib//libm.a
LOAD /home/vassilis/Projects/compilers/cs_q1_2009_161/lib/gcc/arm-none-eabi/4.3.3//libgcc.a
OUTPUT(Release/bbmc-0.5.out elf32-littlearm)

.bss.g_isr_state
                0x80014858        0xc
 .bss.g_isr_state
                0x80014858        0xc Release/bbmc-0.5.o

.bss.g_args_contrl
                0x80014868      0x120
 .bss.g_args_contrl
                0x80014868      0x120 Release/bbmc-0.5.o

.bss.g_position_init
                0x80014988       0x10
 .bss.g_position_init
                0x80014988       0x10 Release/bbmc-0.5.o

.bss.rmpi_io    0x80014998        0x8
 .bss.rmpi_io   0x80014998        0x8 Release/bbmc-0.5.o

.bss.g_log_signalgen
                0x800149a0   0x600010
 .bss.g_log_signalgen
                0x800149a0   0x600010 Release/bbmc-0.5.o

.bss.rmpi_state
                0x806149b0        0x4
 .bss.rmpi_state
                0x806149b0        0x4 Release/bbmc-0.5.o

.bss.cmd_rx_buff.6869
                0x806149b4       0x80
 .bss.cmd_rx_buff.6869
                0x806149b4       0x80 Release/bbmc-0.5.o

.bss.bbmc_pwm   0x80614a34       0x90
 .bss.bbmc_pwm  0x80614a34       0x90 Release/bbmc-0.5.o

.bss.g_args_stop
                0x80614ac8      0x120
 .bss.g_args_stop
                0x80614ac8      0x120 Release/bbmc-0.5.o

.bss.g_signalgen_circle
                0x80614be8       0x50
 .bss.g_signalgen_circle
                0x80614be8       0x50 Release/bbmc-0.5.o

.bss.g_signalgen_trapezoid
                0x80614c38       0x70
 .bss.g_signalgen_trapezoid
                0x80614c38       0x70 Release/bbmc-0.5.o

.bss.g_log_perf
                0x80614ca8    0x80000
 .bss.g_log_perf
                0x80614ca8    0x80000 Release/bbmc-0.5.o

.bss.g_args_goto
                0x80694ca8      0x120
 .bss.g_args_goto
                0x80694ca8      0x120 Release/bbmc-0.5.o

.bss.cmd_ret.6870
                0x80694dc8        0x4
 .bss.cmd_ret.6870
                0x80694dc8        0x4 Release/bbmc-0.5.o

.bss.g_func_tbl
                0x80694dcc       0x28
 .bss.g_func_tbl
                0x80694dcc       0x28 Release/bbmc-0.5.o

.bss.rmpi_contrl
                0x80694df4        0xc
 .bss.rmpi_contrl
                0x80694df4        0xc Release/bbmc-0.5.o

.bss.counter.7604
                0x80694e00        0x4
 .bss.counter.7604
                0x80694e00        0x4 Release/bbmc-0.5.o

.bss.g_position_home
                0x80694e04       0x10
 .bss.g_position_home
                0x80694e04       0x10 Release/bbmc-0.5.o

.bss.rmpi_args  0x80694e14        0x4
 .bss.rmpi_args
                0x80694e14        0x4 Release/bbmc-0.5.o

.bss.bbmc_timers
                0x80694e18      0x180
 .bss.bbmc_timers
                0x80694e18      0x180 Release/bbmc-0.5.o

.bss.timer_ticks
                0x80694f98        0x4
 .bss.timer_ticks
                0x80694f98        0x4 Release/bbmc-0.5.o

.bss.rmpi_limits
                0x80694f9c        0x4
 .bss.rmpi_limits
                0x80694f9c        0x4 Release/bbmc-0.5.o

.bss.timer_ticking
                0x80694fa0        0x4
 .bss.timer_ticking
                0x80694fa0        0x4 Release/bbmc-0.5.o

.bss.g_carriage_kinematics
                0x80694fa8       0x10
 .bss.g_carriage_kinematics
                0x80694fa8       0x10 Release/bbmc-0.5.o

.bss.g_flags    0x80694fb8       0x28
 .bss.g_flags   0x80694fb8       0x28 Release/bbmc-0.5.o

.bss.g_dof_state
                0x80694fe0       0xa0
 .bss.g_dof_state
                0x80694fe0       0xa0 Release/bbmc-0.5.o

.bss.rmpi_log   0x80695080        0x4
 .bss.rmpi_log  0x80695080        0x4 Release/bbmc-0.5.o

.bss.counter.7613
                0x80695084        0x4
 .bss.counter.7613
                0x80695084        0x4 Release/bbmc-0.5.o

.bss.g_position_limits
                0x80695088       0x10
 .bss.g_position_limits
                0x80695088       0x10 Release/bbmc-0.5.o

.bss.i.7325     0x80695098        0x4
 .bss.i.7325    0x80695098        0x4 Release/bbmc-0.5.o

.bss.g_datalog  0x806950a0   0xc00020
 .bss.g_datalog
                0x806950a0   0xc00020 Release/bbmc-0.5.o

.bss.bbmc_qei   0x812950c0       0xc8
 .bss.bbmc_qei  0x812950c0       0xc8 Release/bbmc-0.5.o

.bss.argv.4424  0x81295188       0x44
 .bss.argv.4424
                0x81295188       0x44 ../../../../../..//bin/armv7a/gcc/utils/Release/libutils.a(cmdline.o)

.debug_info     0x00000000    0x1265a
 .debug_info    0x00000000     0xabe0 Release/bbmc-0.5.o
 .debug_info    0x0000abe0      0xb61 ../../../../../..//bin/armv7a/gcc/am335x/drivers/Release/libdrivers.a(dmtimer.o)
 .debug_info    0x0000b741     0x1635 ../../../../../..//bin/armv7a/gcc/am335x/drivers/Release/libdrivers.a(ehrpwm.o)
 .debug_info    0x0000cd76      0xbd8 ../../../../../..//bin/armv7a/gcc/am335x/drivers/Release/libdrivers.a(eqep.o)
 .debug_info    0x0000d94e      0x78b ../../../../../..//bin/armv7a/gcc/am335x/drivers/Release/libdrivers.a(gpio_v2.o)
 .debug_info    0x0000e0d9      0x732 ../../../../../..//bin/armv7a/gcc/am335x/drivers/Release/libdrivers.a(pwmss.o)
 .debug_info    0x0000e80b      0x25a ../../../../../..//bin/armv7a/gcc/utils/Release/libutils.a(cmdline.o)
 .debug_info    0x0000ea65       0xa1 ../../../../../..//bin/armv7a/gcc/utils/Release/libutils.a(perf.o)
 .debug_info    0x0000eb06      0x9b1 ../../../../../..//bin/armv7a/gcc/utils/Release/libutils.a(uartStdio.o)
 .debug_info    0x0000f4b7       0xc0 ../../../../../..//bin/armv7a/gcc/am335x/beaglebone/platform/Release/libplatform.a(bb_dmtimer.o)
 .debug_info    0x0000f577      0x38e ../../../../../..//bin/armv7a/gcc/am335x/beaglebone/platform/Release/libplatform.a(bb_gpio.o)
 .debug_info    0x0000f905      0x1b6 ../../../../../..//bin/armv7a/gcc/am335x/beaglebone/platform/Release/libplatform.a(bb_pwmss.o)
 .debug_info    0x0000fabb       0xe9 ../../../../../..//bin/armv7a/gcc/am335x/beaglebone/platform/Release/libplatform.a(bb_sysperf.o)
 .debug_info    0x0000fba4      0x270 ../../../../../..//bin/armv7a/gcc/am335x/beaglebone/platform/Release/libplatform.a(bb_uartConsole.o)
 .debug_info    0x0000fe14       0x7b ../../../../../..//bin/armv7a/gcc/am335x/beaglebone/platform/Release/libplatform.a(bb_uart.o)
 .debug_info    0x0000fe8f      0x27c ../../../../../..//bin/armv7a/gcc/am335x/system_config/Release/libsystem_config.a(cache.o)
 .debug_info    0x0001010b       0xa8 ../../../../../..//bin/armv7a/gcc/am335x/system_config/Release/libsystem_config.a(cp15.o)
 .debug_info    0x000101b3       0xa8 ../../../../../..//bin/armv7a/gcc/am335x/system_config/Release/libsystem_config.a(init.o)
 .debug_info    0x0001025b      0x4ec ../../../../../..//bin/armv7a/gcc/am335x/system_config/Release/libsystem_config.a(interrupt.o)
 .debug_info    0x00010747      0x11d ../../../../../..//bin/armv7a/gcc/am335x/system_config/Release/libsystem_config.a(startup.o)
 .debug_info    0x00010864       0xef ../../../../../..//bin/armv7a/gcc/am335x/system_config/Release/libsystem_config.a(cpu.o)
 .debug_info    0x00010953       0xbb ../../../../../..//bin/armv7a/gcc/am335x/system_config/Release/libsystem_config.a(exceptionhandler.o)
 .debug_info    0x00010a0e     0x1c4c ../../../../../..//bin/armv7a/gcc/am335x/drivers/Release/libdrivers.a(uart_irda_cir.o)

.debug_abbrev   0x00000000     0x1e5e
 .debug_abbrev  0x00000000      0x4a6 Release/bbmc-0.5.o
 .debug_abbrev  0x000004a6      0x226 ../../../../../..//bin/armv7a/gcc/am335x/drivers/Release/libdrivers.a(dmtimer.o)
 .debug_abbrev  0x000006cc      0x275 ../../../../../..//bin/armv7a/gcc/am335x/drivers/Release/libdrivers.a(ehrpwm.o)
 .debug_abbrev  0x00000941      0x2b3 ../../../../../..//bin/armv7a/gcc/am335x/drivers/Release/libdrivers.a(eqep.o)
 .debug_abbrev  0x00000bf4      0x14d ../../../../../..//bin/armv7a/gcc/am335x/drivers/Release/libdrivers.a(gpio_v2.o)
 .debug_abbrev  0x00000d41      0x1b6 ../../../../../..//bin/armv7a/gcc/am335x/drivers/Release/libdrivers.a(pwmss.o)
 .debug_abbrev  0x00000ef7       0xfe ../../../../../..//bin/armv7a/gcc/utils/Release/libutils.a(cmdline.o)
 .debug_abbrev  0x00000ff5       0x75 ../../../../../..//bin/armv7a/gcc/utils/Release/libutils.a(perf.o)
 .debug_abbrev  0x0000106a      0x306 ../../../../../..//bin/armv7a/gcc/utils/Release/libutils.a(uartStdio.o)
 .debug_abbrev  0x00001370       0x51 ../../../../../..//bin/armv7a/gcc/am335x/beaglebone/platform/Release/libplatform.a(bb_dmtimer.o)
 .debug_abbrev  0x000013c1      0x155 ../../../../../..//bin/armv7a/gcc/am335x/beaglebone/platform/Release/libplatform.a(bb_gpio.o)
 .debug_abbrev  0x00001516       0x6e ../../../../../..//bin/armv7a/gcc/am335x/beaglebone/platform/Release/libplatform.a(bb_pwmss.o)
 .debug_abbrev  0x00001584       0xb4 ../../../../../..//bin/armv7a/gcc/am335x/beaglebone/platform/Release/libplatform.a(bb_sysperf.o)
 .debug_abbrev  0x00001638      0x10e ../../../../../..//bin/armv7a/gcc/am335x/beaglebone/platform/Release/libplatform.a(bb_uartConsole.o)
 .debug_abbrev  0x00001746       0x62 ../../../../../..//bin/armv7a/gcc/am335x/beaglebone/platform/Release/libplatform.a(bb_uart.o)
 .debug_abbrev  0x000017a8       0x8b ../../../../../..//bin/armv7a/gcc/am335x/system_config/Release/libsystem_config.a(cache.o)
 .debug_abbrev  0x00001833       0x14 ../../../../../..//bin/armv7a/gcc/am335x/system_config/Release/libsystem_config.a(cp15.o)
 .debug_abbrev  0x00001847       0x14 ../../../../../..//bin/armv7a/gcc/am335x/system_config/Release/libsystem_config.a(init.o)
 .debug_abbrev  0x0000185b      0x20b ../../../../../..//bin/armv7a/gcc/am335x/system_config/Release/libsystem_config.a(interrupt.o)
 .debug_abbrev  0x00001a66       0xe8 ../../../../../..//bin/armv7a/gcc/am335x/system_config/Release/libsystem_config.a(startup.o)
 .debug_abbrev  0x00001b4e       0x64 ../../../../../..//bin/armv7a/gcc/am335x/system_config/Release/libsystem_config.a(cpu.o)
 .debug_abbrev  0x00001bb2       0x14 ../../../../../..//bin/armv7a/gcc/am335x/system_config/Release/libsystem_config.a(exceptionhandler.o)
 .debug_abbrev  0x00001bc6      0x298 ../../../../../..//bin/armv7a/gcc/am335x/drivers/Release/libdrivers.a(uart_irda_cir.o)

.debug_loc      0x00000000     0xda78
 .debug_loc     0x00000000     0x7127 Release/bbmc-0.5.o
 .debug_loc     0x00007127      0x712 ../../../../../..//bin/armv7a/gcc/am335x/drivers/Release/libdrivers.a(dmtimer.o)
 .debug_loc     0x00007839     0x159b ../../../../../..//bin/armv7a/gcc/am335x/drivers/Release/libdrivers.a(ehrpwm.o)
 .debug_loc     0x00008dd4      0xeeb ../../../../../..//bin/armv7a/gcc/am335x/drivers/Release/libdrivers.a(eqep.o)
 .debug_loc     0x00009cbf      0x4d1 ../../../../../..//bin/armv7a/gcc/am335x/drivers/Release/libdrivers.a(gpio_v2.o)
 .debug_loc     0x0000a190      0x684 ../../../../../..//bin/armv7a/gcc/am335x/drivers/Release/libdrivers.a(pwmss.o)
 .debug_loc     0x0000a814      0x177 ../../../../../..//bin/armv7a/gcc/utils/Release/libutils.a(cmdline.o)
 .debug_loc     0x0000a98b       0x60 ../../../../../..//bin/armv7a/gcc/utils/Release/libutils.a(perf.o)
 .debug_loc     0x0000a9eb      0xcac ../../../../../..//bin/armv7a/gcc/utils/Release/libutils.a(uartStdio.o)
 .debug_loc     0x0000b697      0x131 ../../../../../..//bin/armv7a/gcc/am335x/beaglebone/platform/Release/libplatform.a(bb_gpio.o)
 .debug_loc     0x0000b7c8       0x80 ../../../../../..//bin/armv7a/gcc/am335x/beaglebone/platform/Release/libplatform.a(bb_pwmss.o)
 .debug_loc     0x0000b848       0xa5 ../../../../../..//bin/armv7a/gcc/am335x/beaglebone/platform/Release/libplatform.a(bb_sysperf.o)
 .debug_loc     0x0000b8ed       0xab ../../../../../..//bin/armv7a/gcc/am335x/beaglebone/platform/Release/libplatform.a(bb_uartConsole.o)
 .debug_loc     0x0000b998      0x2b0 ../../../../../..//bin/armv7a/gcc/am335x/system_config/Release/libsystem_config.a(cache.o)
 .debug_loc     0x0000bc48      0x248 ../../../../../..//bin/armv7a/gcc/am335x/system_config/Release/libsystem_config.a(interrupt.o)
 .debug_loc     0x0000be90       0x34 ../../../../../..//bin/armv7a/gcc/am335x/system_config/Release/libsystem_config.a(startup.o)
 .debug_loc     0x0000bec4     0x1bb4 ../../../../../..//bin/armv7a/gcc/am335x/drivers/Release/libdrivers.a(uart_irda_cir.o)

.debug_aranges  0x00000000     0x1200
 .debug_aranges
                0x00000000      0x5e0 Release/bbmc-0.5.o
 .debug_aranges
                0x000005e0      0x130 ../../../../../..//bin/armv7a/gcc/am335x/drivers/Release/libdrivers.a(dmtimer.o)
 .debug_aranges
                0x00000710      0x220 ../../../../../..//bin/armv7a/gcc/am335x/drivers/Release/libdrivers.a(ehrpwm.o)
 .debug_aranges
                0x00000930       0xa8 ../../../../../..//bin/armv7a/gcc/am335x/drivers/Release/libdrivers.a(eqep.o)
 .debug_aranges
                0x000009d8      0x100 ../../../../../..//bin/armv7a/gcc/am335x/drivers/Release/libdrivers.a(gpio_v2.o)
 .debug_aranges
                0x00000ad8       0x68 ../../../../../..//bin/armv7a/gcc/am335x/drivers/Release/libdrivers.a(pwmss.o)
 .debug_aranges
                0x00000b40       0x20 ../../../../../..//bin/armv7a/gcc/utils/Release/libutils.a(cmdline.o)
 .debug_aranges
                0x00000b60       0x30 ../../../../../..//bin/armv7a/gcc/utils/Release/libutils.a(perf.o)
 .debug_aranges
                0x00000b90       0x78 ../../../../../..//bin/armv7a/gcc/utils/Release/libutils.a(uartStdio.o)
 .debug_aranges
                0x00000c08       0x48 ../../../../../..//bin/armv7a/gcc/am335x/beaglebone/platform/Release/libplatform.a(bb_dmtimer.o)
 .debug_aranges
                0x00000c50       0x70 ../../../../../..//bin/armv7a/gcc/am335x/beaglebone/platform/Release/libplatform.a(bb_gpio.o)
 .debug_aranges
                0x00000cc0       0x38 ../../../../../..//bin/armv7a/gcc/am335x/beaglebone/platform/Release/libplatform.a(bb_pwmss.o)
 .debug_aranges
                0x00000cf8       0x28 ../../../../../..//bin/armv7a/gcc/am335x/beaglebone/platform/Release/libplatform.a(bb_sysperf.o)
 .debug_aranges
                0x00000d20       0x30 ../../../../../..//bin/armv7a/gcc/am335x/beaglebone/platform/Release/libplatform.a(bb_uartConsole.o)
 .debug_aranges
                0x00000d50       0x28 ../../../../../..//bin/armv7a/gcc/am335x/beaglebone/platform/Release/libplatform.a(bb_uart.o)
 .debug_aranges
                0x00000d78       0x68 ../../../../../..//bin/armv7a/gcc/am335x/system_config/Release/libsystem_config.a(cache.o)
 .debug_aranges
                0x00000de0       0x20 ../../../../../..//bin/armv7a/gcc/am335x/system_config/Release/libsystem_config.a(cp15.o)
 .debug_aranges
                0x00000e00       0x20 ../../../../../..//bin/armv7a/gcc/am335x/system_config/Release/libsystem_config.a(init.o)
 .debug_aranges
                0x00000e20      0x110 ../../../../../..//bin/armv7a/gcc/am335x/system_config/Release/libsystem_config.a(interrupt.o)
 .debug_aranges
                0x00000f30       0x20 ../../../../../..//bin/armv7a/gcc/am335x/system_config/Release/libsystem_config.a(startup.o)
 .debug_aranges
                0x00000f50       0x58 ../../../../../..//bin/armv7a/gcc/am335x/system_config/Release/libsystem_config.a(cpu.o)
 .debug_aranges
                0x00000fa8       0x20 ../../../../../..//bin/armv7a/gcc/am335x/system_config/Release/libsystem_config.a(exceptionhandler.o)
 .debug_aranges
                0x00000fc8      0x238 ../../../../../..//bin/armv7a/gcc/am335x/drivers/Release/libdrivers.a(uart_irda_cir.o)

.debug_ranges   0x00000000     0x2458
 .debug_ranges  0x00000000     0x1190 Release/bbmc-0.5.o
 .debug_ranges  0x00001190      0x1c0 ../../../../../..//bin/armv7a/gcc/am335x/drivers/Release/libdrivers.a(dmtimer.o)
 .debug_ranges  0x00001350      0x2b8 ../../../../../..//bin/armv7a/gcc/am335x/drivers/Release/libdrivers.a(ehrpwm.o)
 .debug_ranges  0x00001608      0x1f8 ../../../../../..//bin/armv7a/gcc/am335x/drivers/Release/libdrivers.a(eqep.o)
 .debug_ranges  0x00001800       0xf0 ../../../../../..//bin/armv7a/gcc/am335x/drivers/Release/libdrivers.a(gpio_v2.o)
 .debug_ranges  0x000018f0      0x188 ../../../../../..//bin/armv7a/gcc/am335x/drivers/Release/libdrivers.a(pwmss.o)
 .debug_ranges  0x00001a78       0x10 ../../../../../..//bin/armv7a/gcc/utils/Release/libutils.a(cmdline.o)
 .debug_ranges  0x00001a88       0x20 ../../../../../..//bin/armv7a/gcc/utils/Release/libutils.a(perf.o)
 .debug_ranges  0x00001aa8      0x190 ../../../../../..//bin/armv7a/gcc/utils/Release/libutils.a(uartStdio.o)
 .debug_ranges  0x00001c38       0x38 ../../../../../..//bin/armv7a/gcc/am335x/beaglebone/platform/Release/libplatform.a(bb_dmtimer.o)
 .debug_ranges  0x00001c70      0x118 ../../../../../..//bin/armv7a/gcc/am335x/beaglebone/platform/Release/libplatform.a(bb_gpio.o)
 .debug_ranges  0x00001d88       0x28 ../../../../../..//bin/armv7a/gcc/am335x/beaglebone/platform/Release/libplatform.a(bb_pwmss.o)
 .debug_ranges  0x00001db0       0x18 ../../../../../..//bin/armv7a/gcc/am335x/beaglebone/platform/Release/libplatform.a(bb_sysperf.o)
 .debug_ranges  0x00001dc8       0x60 ../../../../../..//bin/armv7a/gcc/am335x/beaglebone/platform/Release/libplatform.a(bb_uartConsole.o)
 .debug_ranges  0x00001e28       0x18 ../../../../../..//bin/armv7a/gcc/am335x/beaglebone/platform/Release/libplatform.a(bb_uart.o)
 .debug_ranges  0x00001e40       0x58 ../../../../../..//bin/armv7a/gcc/am335x/system_config/Release/libsystem_config.a(cache.o)
 .debug_ranges  0x00001e98      0x130 ../../../../../..//bin/armv7a/gcc/am335x/system_config/Release/libsystem_config.a(interrupt.o)
 .debug_ranges  0x00001fc8       0x10 ../../../../../..//bin/armv7a/gcc/am335x/system_config/Release/libsystem_config.a(startup.o)
 .debug_ranges  0x00001fd8       0x48 ../../../../../..//bin/armv7a/gcc/am335x/system_config/Release/libsystem_config.a(cpu.o)
 .debug_ranges  0x00002020      0x438 ../../../../../..//bin/armv7a/gcc/am335x/drivers/Release/libdrivers.a(uart_irda_cir.o)

.debug_line     0x00000000     0x5b5e
 .debug_line    0x00000000     0x2876 Release/bbmc-0.5.o
 .debug_line    0x00002876      0x3d0 ../../../../../..//bin/armv7a/gcc/am335x/drivers/Release/libdrivers.a(dmtimer.o)
 .debug_line    0x00002c46      0x7e3 ../../../../../..//bin/armv7a/gcc/am335x/drivers/Release/libdrivers.a(ehrpwm.o)
 .debug_line    0x00003429      0x44d ../../../../../..//bin/armv7a/gcc/am335x/drivers/Release/libdrivers.a(eqep.o)
 .debug_line    0x00003876      0x2c7 ../../../../../..//bin/armv7a/gcc/am335x/drivers/Release/libdrivers.a(gpio_v2.o)
 .debug_line    0x00003b3d      0x278 ../../../../../..//bin/armv7a/gcc/am335x/drivers/Release/libdrivers.a(pwmss.o)
 .debug_line    0x00003db5       0xb5 ../../../../../..//bin/armv7a/gcc/utils/Release/libutils.a(cmdline.o)
 .debug_line    0x00003e6a       0x6b ../../../../../..//bin/armv7a/gcc/utils/Release/libutils.a(perf.o)
 .debug_line    0x00003ed5      0x4e7 ../../../../../..//bin/armv7a/gcc/utils/Release/libutils.a(uartStdio.o)
 .debug_line    0x000043bc      0x275 ../../../../../..//bin/armv7a/gcc/am335x/beaglebone/platform/Release/libplatform.a(bb_dmtimer.o)
 .debug_line    0x00004631      0x1dc ../../../../../..//bin/armv7a/gcc/am335x/beaglebone/platform/Release/libplatform.a(bb_gpio.o)
 .debug_line    0x0000480d       0x9a ../../../../../..//bin/armv7a/gcc/am335x/beaglebone/platform/Release/libplatform.a(bb_pwmss.o)
 .debug_line    0x000048a7       0x7f ../../../../../..//bin/armv7a/gcc/am335x/beaglebone/platform/Release/libplatform.a(bb_sysperf.o)
 .debug_line    0x00004926       0xb5 ../../../../../..//bin/armv7a/gcc/am335x/beaglebone/platform/Release/libplatform.a(bb_uartConsole.o)
 .debug_line    0x000049db      0x116 ../../../../../..//bin/armv7a/gcc/am335x/beaglebone/platform/Release/libplatform.a(bb_uart.o)
 .debug_line    0x00004af1      0x110 ../../../../../..//bin/armv7a/gcc/am335x/system_config/Release/libsystem_config.a(cache.o)
 .debug_line    0x00004c01      0x187 ../../../../../..//bin/armv7a/gcc/am335x/system_config/Release/libsystem_config.a(cp15.o)
 .debug_line    0x00004d88       0x92 ../../../../../..//bin/armv7a/gcc/am335x/system_config/Release/libsystem_config.a(init.o)
 .debug_line    0x00004e1a      0x2ac ../../../../../..//bin/armv7a/gcc/am335x/system_config/Release/libsystem_config.a(interrupt.o)
 .debug_line    0x000050c6       0x76 ../../../../../..//bin/armv7a/gcc/am335x/system_config/Release/libsystem_config.a(startup.o)
 .debug_line    0x0000513c       0xd6 ../../../../../..//bin/armv7a/gcc/am335x/system_config/Release/libsystem_config.a(cpu.o)
 .debug_line    0x00005212       0xb5 ../../../../../..//bin/armv7a/gcc/am335x/system_config/Release/libsystem_config.a(exceptionhandler.o)
 .debug_line    0x000052c7      0x897 ../../../../../..//bin/armv7a/gcc/am335x/drivers/Release/libdrivers.a(uart_irda_cir.o)

.debug_str      0x00000000     0x43d5
 .debug_str     0x00000000     0x1dcc Release/bbmc-0.5.o
                               0x1f29 (size before relaxing)
 .debug_str     0x00001dcc      0x3c1 ../../../../../..//bin/armv7a/gcc/am335x/drivers/Release/libdrivers.a(dmtimer.o)
                                0x52c (size before relaxing)
 .debug_str     0x0000218d      0x7ac ../../../../../..//bin/armv7a/gcc/am335x/drivers/Release/libdrivers.a(ehrpwm.o)
                                0x9f3 (size before relaxing)
 .debug_str     0x00002939      0x1dd ../../../../../..//bin/armv7a/gcc/am335x/drivers/Release/libdrivers.a(eqep.o)
                                0x496 (size before relaxing)
 .debug_str     0x00002b16      0x302 ../../../../../..//bin/armv7a/gcc/am335x/drivers/Release/libdrivers.a(gpio_v2.o)
                                0x3d6 (size before relaxing)
 .debug_str     0x00002e18      0x21e ../../../../../..//bin/armv7a/gcc/am335x/drivers/Release/libdrivers.a(pwmss.o)
                                0x377 (size before relaxing)
 .debug_str     0x00003036       0x9a ../../../../../..//bin/armv7a/gcc/utils/Release/libutils.a(cmdline.o)
                                0x1ac (size before relaxing)
 .debug_str     0x000030d0       0x37 ../../../../../..//bin/armv7a/gcc/utils/Release/libutils.a(perf.o)
                                 0xdd (size before relaxing)
 .debug_str     0x00003107      0x17b ../../../../../..//bin/armv7a/gcc/utils/Release/libutils.a(uartStdio.o)
                                0x24e (size before relaxing)
 .debug_str     0x00003282      0x11a ../../../../../..//bin/armv7a/gcc/am335x/beaglebone/platform/Release/libplatform.a(bb_dmtimer.o)
                                0x191 (size before relaxing)
 .debug_str     0x0000339c      0x129 ../../../../../..//bin/armv7a/gcc/am335x/beaglebone/platform/Release/libplatform.a(bb_gpio.o)
                                0x203 (size before relaxing)
 .debug_str     0x000034c5       0x86 ../../../../../..//bin/armv7a/gcc/am335x/beaglebone/platform/Release/libplatform.a(bb_pwmss.o)
                                0x125 (size before relaxing)
 .debug_str     0x0000354b       0x6d ../../../../../..//bin/armv7a/gcc/am335x/beaglebone/platform/Release/libplatform.a(bb_sysperf.o)
                                0x14d (size before relaxing)
 .debug_str     0x000035b8       0xd7 ../../../../../..//bin/armv7a/gcc/am335x/beaglebone/platform/Release/libplatform.a(bb_uartConsole.o)